2026-01-06 10:21:24,797 - torio._extension.utils - DEBUG - Loading FFmpeg6
2026-01-06 10:21:24,804 - torio._extension.utils - DEBUG - Failed to load FFmpeg6 extension.
Traceback (most recent call last):
  File "C:\Users\chris\indextts2\index-tts\.venv\lib\site-packages\torio\_extension\utils.py", line 116, in _find_ffmpeg_extension
    ext = _find_versionsed_ffmpeg_extension(ffmpeg_ver)
  File "C:\Users\chris\indextts2\index-tts\.venv\lib\site-packages\torio\_extension\utils.py", line 108, in _find_versionsed_ffmpeg_extension
    _load_lib(lib)
  File "C:\Users\chris\indextts2\index-tts\.venv\lib\site-packages\torio\_extension\utils.py", line 94, in _load_lib
    torch.ops.load_library(path)
  File "C:\Users\chris\indextts2\index-tts\.venv\lib\site-packages\torch\_ops.py", line 1478, in load_library
    ctypes.CDLL(path)
  File "C:\Users\chris\AppData\Roaming\uv\python\cpython-3.10.19-windows-x86_64-none\lib\ctypes\__init__.py", line 374, in __init__
    self._handle = _dlopen(self._name, mode)
FileNotFoundError: Could not find module 'C:\Users\chris\indextts2\index-tts\.venv\Lib\site-packages\torio\lib\libtorio_ffmpeg6.pyd' (or one of its dependencies). Try using the full path with constructor syntax.
2026-01-06 10:21:24,807 - torio._extension.utils - DEBUG - Loading FFmpeg5
2026-01-06 10:21:24,811 - torio._extension.utils - DEBUG - Failed to load FFmpeg5 extension.
Traceback (most recent call last):
  File "C:\Users\chris\indextts2\index-tts\.venv\lib\site-packages\torio\_extension\utils.py", line 116, in _find_ffmpeg_extension
    ext = _find_versionsed_ffmpeg_extension(ffmpeg_ver)
  File "C:\Users\chris\indextts2\index-tts\.venv\lib\site-packages\torio\_extension\utils.py", line 108, in _find_versionsed_ffmpeg_extension
    _load_lib(lib)
  File "C:\Users\chris\indextts2\index-tts\.venv\lib\site-packages\torio\_extension\utils.py", line 94, in _load_lib
    torch.ops.load_library(path)
  File "C:\Users\chris\indextts2\index-tts\.venv\lib\site-packages\torch\_ops.py", line 1478, in load_library
    ctypes.CDLL(path)
  File "C:\Users\chris\AppData\Roaming\uv\python\cpython-3.10.19-windows-x86_64-none\lib\ctypes\__init__.py", line 374, in __init__
    self._handle = _dlopen(self._name, mode)
FileNotFoundError: Could not find module 'C:\Users\chris\indextts2\index-tts\.venv\Lib\site-packages\torio\lib\libtorio_ffmpeg5.pyd' (or one of its dependencies). Try using the full path with constructor syntax.
2026-01-06 10:21:24,812 - torio._extension.utils - DEBUG - Loading FFmpeg4
2026-01-06 10:21:24,815 - torio._extension.utils - DEBUG - Failed to load FFmpeg4 extension.
Traceback (most recent call last):
  File "C:\Users\chris\indextts2\index-tts\.venv\lib\site-packages\torio\_extension\utils.py", line 116, in _find_ffmpeg_extension
    ext = _find_versionsed_ffmpeg_extension(ffmpeg_ver)
  File "C:\Users\chris\indextts2\index-tts\.venv\lib\site-packages\torio\_extension\utils.py", line 108, in _find_versionsed_ffmpeg_extension
    _load_lib(lib)
  File "C:\Users\chris\indextts2\index-tts\.venv\lib\site-packages\torio\_extension\utils.py", line 94, in _load_lib
    torch.ops.load_library(path)
  File "C:\Users\chris\indextts2\index-tts\.venv\lib\site-packages\torch\_ops.py", line 1478, in load_library
    ctypes.CDLL(path)
  File "C:\Users\chris\AppData\Roaming\uv\python\cpython-3.10.19-windows-x86_64-none\lib\ctypes\__init__.py", line 374, in __init__
    self._handle = _dlopen(self._name, mode)
FileNotFoundError: Could not find module 'C:\Users\chris\indextts2\index-tts\.venv\Lib\site-packages\torio\lib\libtorio_ffmpeg4.pyd' (or one of its dependencies). Try using the full path with constructor syntax.
2026-01-06 10:21:24,816 - torio._extension.utils - DEBUG - Loading FFmpeg
2026-01-06 10:21:24,816 - torio._extension.utils - DEBUG - Failed to load FFmpeg extension.
Traceback (most recent call last):
  File "C:\Users\chris\indextts2\index-tts\.venv\lib\site-packages\torio\_extension\utils.py", line 116, in _find_ffmpeg_extension
    ext = _find_versionsed_ffmpeg_extension(ffmpeg_ver)
  File "C:\Users\chris\indextts2\index-tts\.venv\lib\site-packages\torio\_extension\utils.py", line 106, in _find_versionsed_ffmpeg_extension
    raise RuntimeError(f"FFmpeg{version} extension is not available.")
RuntimeError: FFmpeg extension is not available.
2026-01-06 10:21:36,014 - matplotlib - DEBUG - matplotlib data path: C:\Users\chris\indextts2\index-tts\.venv\lib\site-packages\matplotlib\mpl-data
2026-01-06 10:21:36,021 - matplotlib - DEBUG - CONFIGDIR=C:\Users\chris\.matplotlib
2026-01-06 10:21:36,024 - matplotlib - DEBUG - interactive is False
2026-01-06 10:21:36,024 - matplotlib - DEBUG - platform is win32
2026-01-06 10:21:36,128 - matplotlib - DEBUG - CACHEDIR=C:\Users\chris\.matplotlib
2026-01-06 10:21:36,132 - matplotlib.font_manager - DEBUG - Using fontManager instance from C:\Users\chris\.matplotlib\fontlist-v330.json
2026-01-06 10:21:37,126 - numba.core.byteflow - DEBUG - bytecode dump:
>          0	NOP(arg=None, lineno=1039)
           2	LOAD_FAST(arg=0, lineno=1042)
           4	LOAD_CONST(arg=1, lineno=1042)
           6	BINARY_SUBSCR(arg=None, lineno=1042)
           8	LOAD_FAST(arg=0, lineno=1042)
          10	LOAD_CONST(arg=2, lineno=1042)
          12	BINARY_SUBSCR(arg=None, lineno=1042)
          14	COMPARE_OP(arg=4, lineno=1042)
          16	LOAD_FAST(arg=0, lineno=1042)
          18	LOAD_CONST(arg=1, lineno=1042)
          20	BINARY_SUBSCR(arg=None, lineno=1042)
          22	LOAD_FAST(arg=0, lineno=1042)
          24	LOAD_CONST(arg=3, lineno=1042)
          26	BINARY_SUBSCR(arg=None, lineno=1042)
          28	COMPARE_OP(arg=5, lineno=1042)
          30	BINARY_AND(arg=None, lineno=1042)
          32	RETURN_VALUE(arg=None, lineno=1042)
2026-01-06 10:21:37,126 - numba.core.byteflow - DEBUG - pending: deque([State(pc_initial=0 nstack_initial=0)])
2026-01-06 10:21:37,126 - numba.core.byteflow - DEBUG - stack: []
2026-01-06 10:21:37,126 - numba.core.byteflow - DEBUG - state.pc_initial: State(pc_initial=0 nstack_initial=0)
2026-01-06 10:21:37,126 - numba.core.byteflow - DEBUG - dispatch pc=0, inst=NOP(arg=None, lineno=1039)
2026-01-06 10:21:37,126 - numba.core.byteflow - DEBUG - stack []
2026-01-06 10:21:37,126 - numba.core.byteflow - DEBUG - dispatch pc=2, inst=LOAD_FAST(arg=0, lineno=1042)
2026-01-06 10:21:37,126 - numba.core.byteflow - DEBUG - stack []
2026-01-06 10:21:37,126 - numba.core.byteflow - DEBUG - dispatch pc=4, inst=LOAD_CONST(arg=1, lineno=1042)
2026-01-06 10:21:37,126 - numba.core.byteflow - DEBUG - stack ['$x2.0']
2026-01-06 10:21:37,126 - numba.core.byteflow - DEBUG - dispatch pc=6, inst=BINARY_SUBSCR(arg=None, lineno=1042)
2026-01-06 10:21:37,126 - numba.core.byteflow - DEBUG - stack ['$x2.0', '$const4.1']
2026-01-06 10:21:37,126 - numba.core.byteflow - DEBUG - dispatch pc=8, inst=LOAD_FAST(arg=0, lineno=1042)
2026-01-06 10:21:37,126 - numba.core.byteflow - DEBUG - stack ['$6binary_subscr.2']
2026-01-06 10:21:37,126 - numba.core.byteflow - DEBUG - dispatch pc=10, inst=LOAD_CONST(arg=2, lineno=1042)
2026-01-06 10:21:37,126 - numba.core.byteflow - DEBUG - stack ['$6binary_subscr.2', '$x8.3']
2026-01-06 10:21:37,126 - numba.core.byteflow - DEBUG - dispatch pc=12, inst=BINARY_SUBSCR(arg=None, lineno=1042)
2026-01-06 10:21:37,127 - numba.core.byteflow - DEBUG - stack ['$6binary_subscr.2', '$x8.3', '$const10.4']
2026-01-06 10:21:37,127 - numba.core.byteflow - DEBUG - dispatch pc=14, inst=COMPARE_OP(arg=4, lineno=1042)
2026-01-06 10:21:37,127 - numba.core.byteflow - DEBUG - stack ['$6binary_subscr.2', '$12binary_subscr.5']
2026-01-06 10:21:37,127 - numba.core.byteflow - DEBUG - dispatch pc=16, inst=LOAD_FAST(arg=0, lineno=1042)
2026-01-06 10:21:37,127 - numba.core.byteflow - DEBUG - stack ['$14compare_op.6']
2026-01-06 10:21:37,127 - numba.core.byteflow - DEBUG - dispatch pc=18, inst=LOAD_CONST(arg=1, lineno=1042)
2026-01-06 10:21:37,127 - numba.core.byteflow - DEBUG - stack ['$14compare_op.6', '$x16.7']
2026-01-06 10:21:37,127 - numba.core.byteflow - DEBUG - dispatch pc=20, inst=BINARY_SUBSCR(arg=None, lineno=1042)
2026-01-06 10:21:37,127 - numba.core.byteflow - DEBUG - stack ['$14compare_op.6', '$x16.7', '$const18.8']
2026-01-06 10:21:37,127 - numba.core.byteflow - DEBUG - dispatch pc=22, inst=LOAD_FAST(arg=0, lineno=1042)
2026-01-06 10:21:37,127 - numba.core.byteflow - DEBUG - stack ['$14compare_op.6', '$20binary_subscr.9']
2026-01-06 10:21:37,127 - numba.core.byteflow - DEBUG - dispatch pc=24, inst=LOAD_CONST(arg=3, lineno=1042)
2026-01-06 10:21:37,127 - numba.core.byteflow - DEBUG - stack ['$14compare_op.6', '$20binary_subscr.9', '$x22.10']
2026-01-06 10:21:37,127 - numba.core.byteflow - DEBUG - dispatch pc=26, inst=BINARY_SUBSCR(arg=None, lineno=1042)
2026-01-06 10:21:37,127 - numba.core.byteflow - DEBUG - stack ['$14compare_op.6', '$20binary_subscr.9', '$x22.10', '$const24.11']
2026-01-06 10:21:37,127 - numba.core.byteflow - DEBUG - dispatch pc=28, inst=COMPARE_OP(arg=5, lineno=1042)
2026-01-06 10:21:37,127 - numba.core.byteflow - DEBUG - stack ['$14compare_op.6', '$20binary_subscr.9', '$26binary_subscr.12']
2026-01-06 10:21:37,127 - numba.core.byteflow - DEBUG - dispatch pc=30, inst=BINARY_AND(arg=None, lineno=1042)
2026-01-06 10:21:37,127 - numba.core.byteflow - DEBUG - stack ['$14compare_op.6', '$28compare_op.13']
2026-01-06 10:21:37,127 - numba.core.byteflow - DEBUG - dispatch pc=32, inst=RETURN_VALUE(arg=None, lineno=1042)
2026-01-06 10:21:37,128 - numba.core.byteflow - DEBUG - stack ['$30binary_and.14']
2026-01-06 10:21:37,128 - numba.core.byteflow - DEBUG - end state. edges=[]
2026-01-06 10:21:37,128 - numba.core.byteflow - DEBUG - -------------------------Prune PHIs-------------------------
2026-01-06 10:21:37,128 - numba.core.byteflow - DEBUG - Used_phis: defaultdict(<class 'set'>, {State(pc_initial=0 nstack_initial=0): set()})
2026-01-06 10:21:37,128 - numba.core.byteflow - DEBUG - defmap: {}
2026-01-06 10:21:37,128 - numba.core.byteflow - DEBUG - phismap: defaultdict(<class 'set'>, {})
2026-01-06 10:21:37,128 - numba.core.byteflow - DEBUG - changing phismap: defaultdict(<class 'set'>, {})
2026-01-06 10:21:37,128 - numba.core.byteflow - DEBUG - keep phismap: {}
2026-01-06 10:21:37,128 - numba.core.byteflow - DEBUG - new_out: defaultdict(<class 'dict'>, {})
2026-01-06 10:21:37,128 - numba.core.byteflow - DEBUG - ----------------------DONE Prune PHIs-----------------------
2026-01-06 10:21:37,128 - numba.core.byteflow - DEBUG - block_infos State(pc_initial=0 nstack_initial=0):
AdaptBlockInfo(insts=((0, {}), (2, {'res': '$x2.0'}), (4, {'res': '$const4.1'}), (6, {'index': '$const4.1', 'target': '$x2.0', 'res': '$6binary_subscr.2'}), (8, {'res': '$x8.3'}), (10, {'res': '$const10.4'}), (12, {'index': '$const10.4', 'target': '$x8.3', 'res': '$12binary_subscr.5'}), (14, {'lhs': '$6binary_subscr.2', 'rhs': '$12binary_subscr.5', 'res': '$14compare_op.6'}), (16, {'res': '$x16.7'}), (18, {'res': '$const18.8'}), (20, {'index': '$const18.8', 'target': '$x16.7', 'res': '$20binary_subscr.9'}), (22, {'res': '$x22.10'}), (24, {'res': '$const24.11'}), (26, {'index': '$const24.11', 'target': '$x22.10', 'res': '$26binary_subscr.12'}), (28, {'lhs': '$20binary_subscr.9', 'rhs': '$26binary_subscr.12', 'res': '$28compare_op.13'}), (30, {'lhs': '$14compare_op.6', 'rhs': '$28compare_op.13', 'res': '$30binary_and.14'}), (32, {'retval': '$30binary_and.14', 'castval': '$32return_value.15'})), outgoing_phis={}, blockstack=(), active_try_block=None, outgoing_edgepushed={})
2026-01-06 10:21:37,128 - numba.core.interpreter - DEBUG - label 0:
    x = arg(0, name=x)                       ['x']
    $const4.1 = const(int, 0)                ['$const4.1']
    $6binary_subscr.2 = getitem(value=x, index=$const4.1, fn=<built-in function getitem>) ['$6binary_subscr.2', '$const4.1', 'x']
    $const10.4 = const(int, -1)              ['$const10.4']
    $12binary_subscr.5 = getitem(value=x, index=$const10.4, fn=<built-in function getitem>) ['$12binary_subscr.5', '$const10.4', 'x']
    $14compare_op.6 = $6binary_subscr.2 > $12binary_subscr.5 ['$12binary_subscr.5', '$14compare_op.6', '$6binary_subscr.2']
    $const18.8 = const(int, 0)               ['$const18.8']
    $20binary_subscr.9 = getitem(value=x, index=$const18.8, fn=<built-in function getitem>) ['$20binary_subscr.9', '$const18.8', 'x']
    $const24.11 = const(int, 1)              ['$const24.11']
    $26binary_subscr.12 = getitem(value=x, index=$const24.11, fn=<built-in function getitem>) ['$26binary_subscr.12', '$const24.11', 'x']
    $28compare_op.13 = $20binary_subscr.9 >= $26binary_subscr.12 ['$20binary_subscr.9', '$26binary_subscr.12', '$28compare_op.13']
    $30binary_and.14 = $14compare_op.6 & $28compare_op.13 ['$14compare_op.6', '$28compare_op.13', '$30binary_and.14']
    $32return_value.15 = cast(value=$30binary_and.14) ['$30binary_and.14', '$32return_value.15']
    return $32return_value.15                ['$32return_value.15']

2026-01-06 10:21:37,632 - numba.core.byteflow - DEBUG - bytecode dump:
>          0	NOP(arg=None, lineno=1045)
           2	LOAD_FAST(arg=0, lineno=1048)
           4	LOAD_CONST(arg=1, lineno=1048)
           6	BINARY_SUBSCR(arg=None, lineno=1048)
           8	LOAD_FAST(arg=0, lineno=1048)
          10	LOAD_CONST(arg=2, lineno=1048)
          12	BINARY_SUBSCR(arg=None, lineno=1048)
          14	COMPARE_OP(arg=0, lineno=1048)
          16	LOAD_FAST(arg=0, lineno=1048)
          18	LOAD_CONST(arg=1, lineno=1048)
          20	BINARY_SUBSCR(arg=None, lineno=1048)
          22	LOAD_FAST(arg=0, lineno=1048)
          24	LOAD_CONST(arg=3, lineno=1048)
          26	BINARY_SUBSCR(arg=None, lineno=1048)
          28	COMPARE_OP(arg=1, lineno=1048)
          30	BINARY_AND(arg=None, lineno=1048)
          32	RETURN_VALUE(arg=None, lineno=1048)
2026-01-06 10:21:37,632 - numba.core.byteflow - DEBUG - pending: deque([State(pc_initial=0 nstack_initial=0)])
2026-01-06 10:21:37,632 - numba.core.byteflow - DEBUG - stack: []
2026-01-06 10:21:37,632 - numba.core.byteflow - DEBUG - state.pc_initial: State(pc_initial=0 nstack_initial=0)
2026-01-06 10:21:37,634 - numba.core.byteflow - DEBUG - dispatch pc=0, inst=NOP(arg=None, lineno=1045)
2026-01-06 10:21:37,636 - numba.core.byteflow - DEBUG - stack []
2026-01-06 10:21:37,636 - numba.core.byteflow - DEBUG - dispatch pc=2, inst=LOAD_FAST(arg=0, lineno=1048)
2026-01-06 10:21:37,636 - numba.core.byteflow - DEBUG - stack []
2026-01-06 10:21:37,636 - numba.core.byteflow - DEBUG - dispatch pc=4, inst=LOAD_CONST(arg=1, lineno=1048)
2026-01-06 10:21:37,636 - numba.core.byteflow - DEBUG - stack ['$x2.0']
2026-01-06 10:21:37,636 - numba.core.byteflow - DEBUG - dispatch pc=6, inst=BINARY_SUBSCR(arg=None, lineno=1048)
2026-01-06 10:21:37,636 - numba.core.byteflow - DEBUG - stack ['$x2.0', '$const4.1']
2026-01-06 10:21:37,636 - numba.core.byteflow - DEBUG - dispatch pc=8, inst=LOAD_FAST(arg=0, lineno=1048)
2026-01-06 10:21:37,636 - numba.core.byteflow - DEBUG - stack ['$6binary_subscr.2']
2026-01-06 10:21:37,636 - numba.core.byteflow - DEBUG - dispatch pc=10, inst=LOAD_CONST(arg=2, lineno=1048)
2026-01-06 10:21:37,636 - numba.core.byteflow - DEBUG - stack ['$6binary_subscr.2', '$x8.3']
2026-01-06 10:21:37,637 - numba.core.byteflow - DEBUG - dispatch pc=12, inst=BINARY_SUBSCR(arg=None, lineno=1048)
2026-01-06 10:21:37,637 - numba.core.byteflow - DEBUG - stack ['$6binary_subscr.2', '$x8.3', '$const10.4']
2026-01-06 10:21:37,637 - numba.core.byteflow - DEBUG - dispatch pc=14, inst=COMPARE_OP(arg=0, lineno=1048)
2026-01-06 10:21:37,637 - numba.core.byteflow - DEBUG - stack ['$6binary_subscr.2', '$12binary_subscr.5']
2026-01-06 10:21:37,637 - numba.core.byteflow - DEBUG - dispatch pc=16, inst=LOAD_FAST(arg=0, lineno=1048)
2026-01-06 10:21:37,637 - numba.core.byteflow - DEBUG - stack ['$14compare_op.6']
2026-01-06 10:21:37,637 - numba.core.byteflow - DEBUG - dispatch pc=18, inst=LOAD_CONST(arg=1, lineno=1048)
2026-01-06 10:21:37,637 - numba.core.byteflow - DEBUG - stack ['$14compare_op.6', '$x16.7']
2026-01-06 10:21:37,637 - numba.core.byteflow - DEBUG - dispatch pc=20, inst=BINARY_SUBSCR(arg=None, lineno=1048)
2026-01-06 10:21:37,637 - numba.core.byteflow - DEBUG - stack ['$14compare_op.6', '$x16.7', '$const18.8']
2026-01-06 10:21:37,637 - numba.core.byteflow - DEBUG - dispatch pc=22, inst=LOAD_FAST(arg=0, lineno=1048)
2026-01-06 10:21:37,637 - numba.core.byteflow - DEBUG - stack ['$14compare_op.6', '$20binary_subscr.9']
2026-01-06 10:21:37,637 - numba.core.byteflow - DEBUG - dispatch pc=24, inst=LOAD_CONST(arg=3, lineno=1048)
2026-01-06 10:21:37,637 - numba.core.byteflow - DEBUG - stack ['$14compare_op.6', '$20binary_subscr.9', '$x22.10']
2026-01-06 10:21:37,637 - numba.core.byteflow - DEBUG - dispatch pc=26, inst=BINARY_SUBSCR(arg=None, lineno=1048)
2026-01-06 10:21:37,637 - numba.core.byteflow - DEBUG - stack ['$14compare_op.6', '$20binary_subscr.9', '$x22.10', '$const24.11']
2026-01-06 10:21:37,637 - numba.core.byteflow - DEBUG - dispatch pc=28, inst=COMPARE_OP(arg=1, lineno=1048)
2026-01-06 10:21:37,637 - numba.core.byteflow - DEBUG - stack ['$14compare_op.6', '$20binary_subscr.9', '$26binary_subscr.12']
2026-01-06 10:21:37,637 - numba.core.byteflow - DEBUG - dispatch pc=30, inst=BINARY_AND(arg=None, lineno=1048)
2026-01-06 10:21:37,638 - numba.core.byteflow - DEBUG - stack ['$14compare_op.6', '$28compare_op.13']
2026-01-06 10:21:37,638 - numba.core.byteflow - DEBUG - dispatch pc=32, inst=RETURN_VALUE(arg=None, lineno=1048)
2026-01-06 10:21:37,638 - numba.core.byteflow - DEBUG - stack ['$30binary_and.14']
2026-01-06 10:21:37,638 - numba.core.byteflow - DEBUG - end state. edges=[]
2026-01-06 10:21:37,638 - numba.core.byteflow - DEBUG - -------------------------Prune PHIs-------------------------
2026-01-06 10:21:37,638 - numba.core.byteflow - DEBUG - Used_phis: defaultdict(<class 'set'>, {State(pc_initial=0 nstack_initial=0): set()})
2026-01-06 10:21:37,638 - numba.core.byteflow - DEBUG - defmap: {}
2026-01-06 10:21:37,638 - numba.core.byteflow - DEBUG - phismap: defaultdict(<class 'set'>, {})
2026-01-06 10:21:37,638 - numba.core.byteflow - DEBUG - changing phismap: defaultdict(<class 'set'>, {})
2026-01-06 10:21:37,638 - numba.core.byteflow - DEBUG - keep phismap: {}
2026-01-06 10:21:37,638 - numba.core.byteflow - DEBUG - new_out: defaultdict(<class 'dict'>, {})
2026-01-06 10:21:37,638 - numba.core.byteflow - DEBUG - ----------------------DONE Prune PHIs-----------------------
2026-01-06 10:21:37,638 - numba.core.byteflow - DEBUG - block_infos State(pc_initial=0 nstack_initial=0):
AdaptBlockInfo(insts=((0, {}), (2, {'res': '$x2.0'}), (4, {'res': '$const4.1'}), (6, {'index': '$const4.1', 'target': '$x2.0', 'res': '$6binary_subscr.2'}), (8, {'res': '$x8.3'}), (10, {'res': '$const10.4'}), (12, {'index': '$const10.4', 'target': '$x8.3', 'res': '$12binary_subscr.5'}), (14, {'lhs': '$6binary_subscr.2', 'rhs': '$12binary_subscr.5', 'res': '$14compare_op.6'}), (16, {'res': '$x16.7'}), (18, {'res': '$const18.8'}), (20, {'index': '$const18.8', 'target': '$x16.7', 'res': '$20binary_subscr.9'}), (22, {'res': '$x22.10'}), (24, {'res': '$const24.11'}), (26, {'index': '$const24.11', 'target': '$x22.10', 'res': '$26binary_subscr.12'}), (28, {'lhs': '$20binary_subscr.9', 'rhs': '$26binary_subscr.12', 'res': '$28compare_op.13'}), (30, {'lhs': '$14compare_op.6', 'rhs': '$28compare_op.13', 'res': '$30binary_and.14'}), (32, {'retval': '$30binary_and.14', 'castval': '$32return_value.15'})), outgoing_phis={}, blockstack=(), active_try_block=None, outgoing_edgepushed={})
2026-01-06 10:21:37,638 - numba.core.interpreter - DEBUG - label 0:
    x = arg(0, name=x)                       ['x']
    $const4.1 = const(int, 0)                ['$const4.1']
    $6binary_subscr.2 = getitem(value=x, index=$const4.1, fn=<built-in function getitem>) ['$6binary_subscr.2', '$const4.1', 'x']
    $const10.4 = const(int, -1)              ['$const10.4']
    $12binary_subscr.5 = getitem(value=x, index=$const10.4, fn=<built-in function getitem>) ['$12binary_subscr.5', '$const10.4', 'x']
    $14compare_op.6 = $6binary_subscr.2 < $12binary_subscr.5 ['$12binary_subscr.5', '$14compare_op.6', '$6binary_subscr.2']
    $const18.8 = const(int, 0)               ['$const18.8']
    $20binary_subscr.9 = getitem(value=x, index=$const18.8, fn=<built-in function getitem>) ['$20binary_subscr.9', '$const18.8', 'x']
    $const24.11 = const(int, 1)              ['$const24.11']
    $26binary_subscr.12 = getitem(value=x, index=$const24.11, fn=<built-in function getitem>) ['$26binary_subscr.12', '$const24.11', 'x']
    $28compare_op.13 = $20binary_subscr.9 <= $26binary_subscr.12 ['$20binary_subscr.9', '$26binary_subscr.12', '$28compare_op.13']
    $30binary_and.14 = $14compare_op.6 & $28compare_op.13 ['$14compare_op.6', '$28compare_op.13', '$30binary_and.14']
    $32return_value.15 = cast(value=$30binary_and.14) ['$30binary_and.14', '$32return_value.15']
    return $32return_value.15                ['$32return_value.15']

2026-01-06 10:22:04,944 - urllib3.connectionpool - DEBUG - Starting new HTTPS connection (1): huggingface.co:443
2026-01-06 10:22:05,317 - urllib3.connectionpool - DEBUG - https://huggingface.co:443 "HEAD /facebook/w2v-bert-2.0/resolve/main/preprocessor_config.json HTTP/1.1" 307 0
2026-01-06 10:22:05,325 - urllib3.connectionpool - DEBUG - https://huggingface.co:443 "HEAD /api/resolve-cache/models/facebook/w2v-bert-2.0/da985ba0987f70aaeb84a80f2851cfac8c697a7b/preprocessor_config.json HTTP/1.1" 200 0
2026-01-06 10:22:05,598 - urllib3.connectionpool - DEBUG - https://huggingface.co:443 "HEAD /facebook/w2v-bert-2.0/resolve/main/config.json HTTP/1.1" 307 0
2026-01-06 10:22:05,608 - urllib3.connectionpool - DEBUG - https://huggingface.co:443 "HEAD /api/resolve-cache/models/facebook/w2v-bert-2.0/da985ba0987f70aaeb84a80f2851cfac8c697a7b/config.json HTTP/1.1" 200 0
2026-01-06 10:22:05,871 - urllib3.connectionpool - DEBUG - https://huggingface.co:443 "HEAD /facebook/w2v-bert-2.0/resolve/main/config.json HTTP/1.1" 307 0
2026-01-06 10:22:05,879 - urllib3.connectionpool - DEBUG - https://huggingface.co:443 "HEAD /api/resolve-cache/models/facebook/w2v-bert-2.0/da985ba0987f70aaeb84a80f2851cfac8c697a7b/config.json HTTP/1.1" 200 0
2026-01-06 10:22:08,309 - urllib3.connectionpool - DEBUG - https://huggingface.co:443 "HEAD /amphion/MaskGCT/resolve/main/semantic_codec/model.safetensors HTTP/1.1" 302 0
2026-01-06 10:22:12,613 - urllib3.connectionpool - DEBUG - https://huggingface.co:443 "HEAD /funasr/campplus/resolve/main/campplus_cn_common.bin HTTP/1.1" 302 0
2026-01-06 10:22:13,954 - urllib3.connectionpool - DEBUG - https://huggingface.co:443 "HEAD /nvidia/bigvgan_v2_22khz_80band_256x/resolve/main/config.json HTTP/1.1" 307 0
2026-01-06 10:22:13,964 - urllib3.connectionpool - DEBUG - https://huggingface.co:443 "HEAD /api/resolve-cache/models/nvidia/bigvgan_v2_22khz_80band_256x/633ff708ed5b74903e86ff1298cf4a98e921c513/config.json HTTP/1.1" 200 0
2026-01-06 10:22:14,232 - urllib3.connectionpool - DEBUG - https://huggingface.co:443 "HEAD /nvidia/bigvgan_v2_22khz_80band_256x/resolve/main/config.json HTTP/1.1" 307 0
2026-01-06 10:22:14,243 - urllib3.connectionpool - DEBUG - https://huggingface.co:443 "HEAD /api/resolve-cache/models/nvidia/bigvgan_v2_22khz_80band_256x/633ff708ed5b74903e86ff1298cf4a98e921c513/config.json HTTP/1.1" 200 0
2026-01-06 10:22:17,548 - urllib3.connectionpool - DEBUG - https://huggingface.co:443 "HEAD /nvidia/bigvgan_v2_22khz_80band_256x/resolve/main/bigvgan_generator.pt HTTP/1.1" 302 0
2026-01-06 10:22:19,119 - indextts.duration - DEBUG - infer_generator called: target_duration=6.0, target_tokens=None
2026-01-06 10:22:19,120 - indextts.duration - DEBUG - duration_to_tokens: 6.0s * 50.0 = 300 tokens
2026-01-06 10:22:19,120 - indextts.duration - DEBUG - Converted target_duration=6.0s to 300 tokens
2026-01-06 10:22:51,027 - indextts.duration - DEBUG - inference_speech called: target_tokens=300, max_generate_length=1500
2026-01-06 10:22:51,027 - indextts.duration - DEBUG - max_mel_tokens=1815
2026-01-06 10:22:52,715 - indextts.duration - DEBUG - Duration control: original=300, clamped=300 (max_mel_tokens=1815)
2026-01-06 10:22:52,749 - indextts.duration - DEBUG - trunc_index (prefix length)=81, inputs.shape=torch.Size([1, 81])
2026-01-06 10:22:52,750 - indextts.duration - DEBUG - Initial max_length=1581 (before duration control override)
2026-01-06 10:22:52,750 - indextts.duration - DEBUG - Duration control: overriding max_length to 381 (trunc_index=81 + target_tokens=300)
2026-01-06 10:22:52,750 - indextts.duration - DEBUG - EOS config: use_eos_token=None, use_stop_tokens=[]
2026-01-06 10:22:52,750 - indextts.duration - DEBUG - Final generation params: max_length=381, expected_new_tokens=300
2026-01-06 10:22:52,750 - indextts.duration - DEBUG - Using inference_model.generate (HuggingFace)
2026-01-06 10:24:34,898 - indextts.duration - DEBUG - Generated output: total_shape=torch.Size([1, 381]), generated_tokens_shape=torch.Size([1, 300])
2026-01-06 10:24:34,898 - indextts.duration - DEBUG - Actual generated token count: 300
2026-01-06 10:24:34,898 - indextts.duration - DEBUG - GPT returned codes shape: torch.Size([1, 300])
2026-01-06 10:24:34,898 - indextts.duration - DEBUG - Requested target_tokens: 300, Got: 300 tokens
2026-01-06 10:24:34,914 - indextts.duration - DEBUG - After stop-token processing: code_lens=[300], max_code_len=300
2026-01-06 10:24:38,505 - indextts.duration - DEBUG - S2M: code_lens=[300], target_lengths (mel frames)=[516]
2026-01-06 10:24:38,505 - indextts.duration - DEBUG - S2M: expected audio duration from mel frames: 5.99s
2026-01-06 10:27:20,276 - indextts.duration - DEBUG - S2M: vc_target (mel) shape: torch.Size([1, 80, 516])
2026-01-06 10:27:36,412 - indextts.duration - DEBUG - BigVGAN: wav shape: torch.Size([1, 132096]), duration: 5.99s
2026-01-06 10:27:36,509 - indextts.duration - DEBUG - infer_generator called: target_duration=8.0, target_tokens=None
2026-01-06 10:27:36,512 - indextts.duration - DEBUG - duration_to_tokens: 8.0s * 50.0 = 400 tokens
2026-01-06 10:27:36,512 - indextts.duration - DEBUG - Converted target_duration=8.0s to 400 tokens
2026-01-06 10:27:38,945 - indextts.duration - DEBUG - inference_speech called: target_tokens=400, max_generate_length=1500
2026-01-06 10:27:38,948 - indextts.duration - DEBUG - max_mel_tokens=1815
2026-01-06 10:27:40,266 - indextts.duration - DEBUG - Duration control: original=400, clamped=400 (max_mel_tokens=1815)
2026-01-06 10:27:40,276 - indextts.duration - DEBUG - trunc_index (prefix length)=81, inputs.shape=torch.Size([1, 81])
2026-01-06 10:27:40,276 - indextts.duration - DEBUG - Initial max_length=1581 (before duration control override)
2026-01-06 10:27:40,277 - indextts.duration - DEBUG - Duration control: overriding max_length to 481 (trunc_index=81 + target_tokens=400)
2026-01-06 10:27:40,277 - indextts.duration - DEBUG - EOS config: use_eos_token=None, use_stop_tokens=[]
2026-01-06 10:27:40,277 - indextts.duration - DEBUG - Final generation params: max_length=481, expected_new_tokens=400
2026-01-06 10:27:40,277 - indextts.duration - DEBUG - Using inference_model.generate (HuggingFace)
2026-01-06 10:29:58,499 - indextts.duration - DEBUG - Generated output: total_shape=torch.Size([1, 481]), generated_tokens_shape=torch.Size([1, 400])
2026-01-06 10:29:58,500 - indextts.duration - DEBUG - Actual generated token count: 400
2026-01-06 10:29:58,500 - indextts.duration - DEBUG - GPT returned codes shape: torch.Size([1, 400])
2026-01-06 10:29:58,500 - indextts.duration - DEBUG - Requested target_tokens: 400, Got: 400 tokens
2026-01-06 10:29:58,501 - indextts.duration - DEBUG - After stop-token processing: code_lens=[400], max_code_len=400
2026-01-06 10:30:03,033 - indextts.duration - DEBUG - S2M: code_lens=[400], target_lengths (mel frames)=[688]
2026-01-06 10:30:03,034 - indextts.duration - DEBUG - S2M: expected audio duration from mel frames: 7.99s
2026-01-06 10:33:01,593 - indextts.duration - DEBUG - S2M: vc_target (mel) shape: torch.Size([1, 80, 688])
2026-01-06 10:33:19,126 - indextts.duration - DEBUG - BigVGAN: wav shape: torch.Size([1, 176128]), duration: 7.99s
2026-01-06 10:33:19,179 - indextts.duration - DEBUG - infer_generator called: target_duration=11.0, target_tokens=None
2026-01-06 10:33:19,181 - indextts.duration - DEBUG - duration_to_tokens: 11.0s * 50.0 = 550 tokens
2026-01-06 10:33:19,181 - indextts.duration - DEBUG - Converted target_duration=11.0s to 550 tokens
2026-01-06 10:33:21,484 - indextts.duration - DEBUG - inference_speech called: target_tokens=550, max_generate_length=1500
2026-01-06 10:33:21,484 - indextts.duration - DEBUG - max_mel_tokens=1815
2026-01-06 10:33:22,728 - indextts.duration - DEBUG - Duration control: original=550, clamped=550 (max_mel_tokens=1815)
2026-01-06 10:33:22,736 - indextts.duration - DEBUG - trunc_index (prefix length)=81, inputs.shape=torch.Size([1, 81])
2026-01-06 10:33:22,736 - indextts.duration - DEBUG - Initial max_length=1581 (before duration control override)
2026-01-06 10:33:22,736 - indextts.duration - DEBUG - Duration control: overriding max_length to 631 (trunc_index=81 + target_tokens=550)
2026-01-06 10:33:22,736 - indextts.duration - DEBUG - EOS config: use_eos_token=None, use_stop_tokens=[]
2026-01-06 10:33:22,736 - indextts.duration - DEBUG - Final generation params: max_length=631, expected_new_tokens=550
2026-01-06 10:33:22,736 - indextts.duration - DEBUG - Using inference_model.generate (HuggingFace)
2026-01-06 10:37:05,290 - indextts.duration - DEBUG - Generated output: total_shape=torch.Size([1, 631]), generated_tokens_shape=torch.Size([1, 550])
2026-01-06 10:37:05,290 - indextts.duration - DEBUG - Actual generated token count: 550
2026-01-06 10:37:05,291 - indextts.duration - DEBUG - GPT returned codes shape: torch.Size([1, 550])
2026-01-06 10:37:05,291 - indextts.duration - DEBUG - Requested target_tokens: 550, Got: 550 tokens
2026-01-06 10:37:05,291 - indextts.duration - DEBUG - After stop-token processing: code_lens=[550], max_code_len=550
2026-01-06 10:37:11,912 - indextts.duration - DEBUG - S2M: code_lens=[550], target_lengths (mel frames)=[946]
2026-01-06 10:37:11,912 - indextts.duration - DEBUG - S2M: expected audio duration from mel frames: 10.98s
2026-01-06 10:40:49,868 - indextts.duration - DEBUG - S2M: vc_target (mel) shape: torch.Size([1, 80, 946])
2026-01-06 10:41:19,023 - indextts.duration - DEBUG - BigVGAN: wav shape: torch.Size([1, 242176]), duration: 10.98s
