2026-01-06 10:42:39,162 | INFO | train_duration | Using device: cpu
2026-01-06 10:42:39,164 | DEBUG | train_duration | ENTERING: _load_model
2026-01-06 10:42:39,164 | INFO | train_duration | Loading model from ./checkpoints
2026-01-06 10:42:39,198 | DEBUG | train_duration | EXITING: _load_model | Duration: 33.97ms
2026-01-06 10:42:41,836 | DEBUG | train_duration | ENTERING: train
2026-01-06 10:42:41,837 | INFO | train_duration | Starting Stage 1 training
2026-01-06 10:42:41,837 | INFO | train_duration | Loading dataset from .
2026-01-06 10:42:41,861 | INFO | train_duration | Loaded 10000 samples
2026-01-06 10:42:57,201 | DEBUG | train_duration | ENTERING: _train_step
2026-01-06 10:42:57,250 | ERROR | train_duration | CRASH in _train_step: Expected input batch_size (4) to match target batch_size (760).
Traceback (most recent call last):
  File "C:\Users\chris\indextts2\index-tts\train_duration.py", line 95, in wrapper
    result = func(*args, **kwargs)
  File "C:\Users\chris\indextts2\index-tts\train_duration.py", line 504, in _train_step
    main_loss = F.cross_entropy(
  File "C:\Users\chris\indextts2\index-tts\.venv\lib\site-packages\torch\nn\functional.py", line 3462, in cross_entropy
    return torch._C._nn.cross_entropy_loss(
ValueError: Expected input batch_size (4) to match target batch_size (760).
2026-01-06 10:42:58,298 | ERROR | train_duration | CRASH in train: [WinError 1314] A required privilege is not held by the client: 'step_0000000.pt' -> 'checkpoints\\training\\latest.pt'
Traceback (most recent call last):
  File "C:\Users\chris\indextts2\index-tts\train_duration.py", line 593, in train
    losses = self._train_step(batch)
  File "C:\Users\chris\indextts2\index-tts\train_duration.py", line 95, in wrapper
    result = func(*args, **kwargs)
  File "C:\Users\chris\indextts2\index-tts\train_duration.py", line 504, in _train_step
    main_loss = F.cross_entropy(
  File "C:\Users\chris\indextts2\index-tts\.venv\lib\site-packages\torch\nn\functional.py", line 3462, in cross_entropy
    return torch._C._nn.cross_entropy_loss(
ValueError: Expected input batch_size (4) to match target batch_size (760).

During handling of the above exception, another exception occurred:

Traceback (most recent call last):
  File "C:\Users\chris\indextts2\index-tts\train_duration.py", line 95, in wrapper
    result = func(*args, **kwargs)
  File "C:\Users\chris\indextts2\index-tts\train_duration.py", line 640, in train
    self._save_checkpoint()
  File "C:\Users\chris\indextts2\index-tts\train_duration.py", line 646, in _save_checkpoint
    self.checkpoint_manager.save(
  File "C:\Users\chris\indextts2\index-tts\checkpoint_manager.py", line 82, in wrapper
    result = func(*args, **kwargs)
  File "C:\Users\chris\indextts2\index-tts\checkpoint_manager.py", line 380, in save
    self._update_symlinks(checkpoint_path)
  File "C:\Users\chris\indextts2\index-tts\checkpoint_manager.py", line 397, in _update_symlinks
    latest_link.symlink_to(checkpoint_path.name)
  File "C:\Users\chris\AppData\Roaming\uv\python\cpython-3.10.19-windows-x86_64-none\lib\pathlib.py", line 1255, in symlink_to
    self._accessor.symlink(target, self, target_is_directory)
OSError: [WinError 1314] A required privilege is not held by the client: 'step_0000000.pt' -> 'checkpoints\\training\\latest.pt'
2026-01-06 10:46:39,923 | INFO | train_duration | Using device: cpu
2026-01-06 10:46:39,924 | DEBUG | train_duration | ENTERING: _load_model
2026-01-06 10:46:39,924 | INFO | train_duration | Loading model from ./checkpoints
2026-01-06 10:46:39,982 | DEBUG | train_duration | EXITING: _load_model | Duration: 58.72ms
2026-01-06 10:46:43,222 | DEBUG | train_duration | ENTERING: train
2026-01-06 10:46:43,222 | INFO | train_duration | Starting Stage 1 training
2026-01-06 10:46:43,223 | INFO | train_duration | Loading dataset from .
2026-01-06 10:46:43,261 | INFO | train_duration | Loaded 10000 samples
2026-01-06 10:46:43,369 | INFO | train_duration | Resumed from step 0
2026-01-06 10:47:12,312 | DEBUG | train_duration | ENTERING: _train_step
2026-01-06 10:47:12,447 | DEBUG | train_duration | EXITING: _train_step | Duration: 133.85ms
2026-01-06 10:47:12,452 | INFO | train_duration | Reached max steps: 1
2026-01-06 10:47:13,859 | INFO | train_duration | Training stopped at step 1
2026-01-06 10:47:13,862 | DEBUG | train_duration | EXITING: train | Duration: 30639.30ms
2026-01-06 10:49:11,700 | INFO | train_duration | Using device: cpu
2026-01-06 10:49:11,701 | INFO | train_duration | Loading model from ./checkpoints
2026-01-06 10:49:13,827 | INFO | train_duration | Starting Stage 1 training
2026-01-06 10:49:13,828 | INFO | train_duration | Loading dataset from data
2026-01-06 10:49:13,831 | INFO | train_duration | Loaded 1000 samples
2026-01-06 10:49:13,882 | INFO | train_duration | Resumed from step 1
2026-01-06 10:51:26,267 | INFO | train_duration | Reached max steps: 1000
2026-01-06 10:51:27,837 | INFO | train_duration | Training stopped at step 1000
2026-01-06 10:52:03,234 | INFO | train_duration | Using device: cpu
2026-01-06 10:52:03,234 | INFO | train_duration | Loading model from ./checkpoints
2026-01-06 10:52:05,562 | INFO | train_duration | Starting Stage 1 training
2026-01-06 10:52:05,562 | INFO | train_duration | Loading dataset from data
2026-01-06 10:52:05,565 | INFO | train_duration | Loaded 1000 samples
2026-01-06 10:52:05,613 | INFO | train_duration | Resumed from step 1000
2026-01-06 10:52:23,129 | INFO | train_duration | Reached max steps: 1000
2026-01-06 10:52:24,598 | INFO | train_duration | Training stopped at step 1001
2026-01-06 10:57:51,826 | INFO | train_duration | Using device: cpu
2026-01-06 10:57:51,826 | INFO | train_duration | Loading model from ./checkpoints
2026-01-06 10:57:54,393 | INFO | train_duration | EarlyStopping initialized: patience=2000, min_delta=0.0001
2026-01-06 10:57:54,393 | INFO | train_duration | Starting Stage 1 training
2026-01-06 10:57:54,394 | INFO | train_duration | Loading dataset from data
2026-01-06 10:57:54,398 | INFO | train_duration | Loaded 1000 samples
2026-01-06 10:57:54,453 | INFO | train_duration | Resumed from step 1001
2026-01-06 11:06:44,397 | INFO | train_duration | Using device: cpu
2026-01-06 11:06:44,398 | INFO | train_duration | Loading model from ./checkpoints
2026-01-06 11:06:47,153 | INFO | train_duration | EarlyStopping initialized: patience=2000, min_delta=0.0001
2026-01-06 11:06:47,155 | INFO | train_duration | Starting Stage 1 training
2026-01-06 11:06:48,734 | INFO | train_duration | Loading dataset from data
2026-01-06 11:06:48,736 | INFO | train_duration | Loaded 1000 samples
2026-01-06 11:06:48,795 | INFO | train_duration | Resumed from step 4500
2026-01-06 11:07:29,319 | WARNING | train_duration | Received signal 2, initiating graceful shutdown
2026-01-06 11:07:29,614 | INFO | train_duration | Training stopped at step 5086
2026-01-06 11:23:05,589 | INFO | train_duration | Using device: cpu
2026-01-06 11:23:05,590 | INFO | train_duration | Loading model from ./checkpoints
2026-01-06 11:23:23,927 | INFO | train_duration | Loaded pretrained weights from checkpoints\gpt.pth
2026-01-06 11:23:23,974 | INFO | train_duration | EarlyStopping initialized: patience=2000, min_delta=0.0001
2026-01-06 11:23:23,975 | INFO | train_duration | Starting Stage 1 training
2026-01-06 11:23:25,503 | INFO | train_duration | Initializing feature extractor...
2026-01-06 11:31:37,540 | INFO | train_duration | Feature extractor initialized
2026-01-06 11:31:37,543 | ERROR | train_duration | CRASH in train: datasets library required: pip install datasets
Traceback (most recent call last):
  File "C:\Users\chris\indextts2\index-tts\train_duration.py", line 123, in wrapper
    result = func(*args, **kwargs)
  File "C:\Users\chris\indextts2\index-tts\train_duration.py", line 1220, in train
    dataset = EmiliaDataset(
  File "C:\Users\chris\indextts2\index-tts\train_duration.py", line 567, in __init__
    raise ImportError("datasets library required: pip install datasets")
ImportError: datasets library required: pip install datasets
2026-01-06 11:32:44,048 | INFO | train_duration | Using device: cpu
2026-01-06 11:32:44,049 | INFO | train_duration | Loading model from ./checkpoints
2026-01-06 11:33:01,973 | INFO | train_duration | Loaded pretrained weights from checkpoints\gpt.pth
2026-01-06 11:33:02,051 | INFO | train_duration | EarlyStopping initialized: patience=2000, min_delta=0.0001
2026-01-06 11:33:02,052 | INFO | train_duration | Starting Stage 1 training
2026-01-06 11:33:03,579 | INFO | train_duration | Initializing feature extractor...
2026-01-06 11:33:06,981 | INFO | train_duration | Feature extractor initialized
2026-01-06 11:33:06,981 | INFO | train_duration | Loading Emilia dataset (streaming: amphion/Emilia-Dataset) - languages: ['zh', 'en', 'ja', 'ko', 'fr', 'de']
2026-01-06 11:33:07,951 | ERROR | train_duration | CRASH in train: Dataset 'amphion/Emilia-Dataset' is a gated dataset on the Hub. Visit the dataset page at https://huggingface.co/datasets/amphion/Emilia-Dataset to ask for access.
Traceback (most recent call last):
  File "C:\Users\chris\indextts2\index-tts\train_duration.py", line 123, in wrapper
    result = func(*args, **kwargs)
  File "C:\Users\chris\indextts2\index-tts\train_duration.py", line 1220, in train
    dataset = EmiliaDataset(
  File "C:\Users\chris\indextts2\index-tts\train_duration.py", line 578, in __init__
    self.dataset = load_dataset(
  File "C:\Users\chris\indextts2\index-tts\.venv\lib\site-packages\datasets\load.py", line 1492, in load_dataset
    builder_instance = load_dataset_builder(
  File "C:\Users\chris\indextts2\index-tts\.venv\lib\site-packages\datasets\load.py", line 1137, in load_dataset_builder
    dataset_module = dataset_module_factory(
  File "C:\Users\chris\indextts2\index-tts\.venv\lib\site-packages\datasets\load.py", line 1030, in dataset_module_factory
    raise e1 from None
  File "C:\Users\chris\indextts2\index-tts\.venv\lib\site-packages\datasets\load.py", line 1016, in dataset_module_factory
    raise DatasetNotFoundError(message) from e
datasets.exceptions.DatasetNotFoundError: Dataset 'amphion/Emilia-Dataset' is a gated dataset on the Hub. Visit the dataset page at https://huggingface.co/datasets/amphion/Emilia-Dataset to ask for access.
2026-01-06 11:34:10,257 | INFO | train_duration | Using device: cpu
2026-01-06 11:34:10,259 | INFO | train_duration | Loading model from ./checkpoints
2026-01-06 11:34:28,687 | INFO | train_duration | Loaded pretrained weights from checkpoints\gpt.pth
2026-01-06 11:34:28,723 | INFO | train_duration | EarlyStopping initialized: patience=2000, min_delta=0.0001
2026-01-06 11:34:28,724 | INFO | train_duration | Starting Stage 1 training
2026-01-06 11:34:30,258 | INFO | train_duration | Initializing feature extractor...
2026-01-06 11:34:33,641 | INFO | train_duration | Feature extractor initialized
2026-01-06 11:34:33,642 | INFO | train_duration | Loading Emilia dataset (streaming: amphion/Emilia-Dataset) - languages: ['zh', 'en', 'ja', 'ko', 'fr', 'de']
2026-01-06 11:34:55,531 | INFO | train_duration | Using Emilia (Streaming) Dataset
2026-01-06 11:34:55,684 | ERROR | train_duration | CRASH in train: Error(s) in loading state_dict for UnifiedVoice:
	Missing key(s) in state_dict: "conditioning_encoder.embed.conv.0.weight", "conditioning_encoder.embed.conv.0.bias", "conditioning_encoder.embed.out.0.weight", "conditioning_encoder.embed.out.0.bias", "conditioning_encoder.embed.pos_enc.pe", "conditioning_encoder.after_norm.weight", "conditioning_encoder.after_norm.bias", "conditioning_encoder.encoders.0.self_attn.pos_bias_u", "conditioning_encoder.encoders.0.self_attn.pos_bias_v", "conditioning_encoder.encoders.0.self_attn.linear_q.weight", "conditioning_encoder.encoders.0.self_attn.linear_q.bias", "conditioning_encoder.encoders.0.self_attn.linear_k.weight", "conditioning_encoder.encoders.0.self_attn.linear_k.bias", "conditioning_encoder.encoders.0.self_attn.linear_v.weight", "conditioning_encoder.encoders.0.self_attn.linear_v.bias", "conditioning_encoder.encoders.0.self_attn.linear_out.weight", "conditioning_encoder.encoders.0.self_attn.linear_out.bias", "conditioning_encoder.encoders.0.self_attn.linear_pos.weight", "conditioning_encoder.encoders.0.feed_forward.w_1.weight", "conditioning_encoder.encoders.0.feed_forward.w_1.bias", "conditioning_encoder.encoders.0.feed_forward.w_2.weight", "conditioning_encoder.encoders.0.feed_forward.w_2.bias", "conditioning_encoder.encoders.0.conv_module.pointwise_conv1.weight", "conditioning_encoder.encoders.0.conv_module.pointwise_conv1.bias", "conditioning_encoder.encoders.0.conv_module.depthwise_conv.weight", "conditioning_encoder.encoders.0.conv_module.depthwise_conv.bias", "conditioning_encoder.encoders.0.conv_module.norm.weight", "conditioning_encoder.encoders.0.conv_module.norm.bias", "conditioning_encoder.encoders.0.conv_module.pointwise_conv2.weight", "conditioning_encoder.encoders.0.conv_module.pointwise_conv2.bias", "conditioning_encoder.encoders.0.norm_ff.weight", "conditioning_encoder.encoders.0.norm_ff.bias", "conditioning_encoder.encoders.0.norm_mha.weight", "conditioning_encoder.encoders.0.norm_mha.bias", "conditioning_encoder.encoders.0.norm_conv.weight", "conditioning_encoder.encoders.0.norm_conv.bias", "conditioning_encoder.encoders.0.norm_final.weight", "conditioning_encoder.encoders.0.norm_final.bias", "conditioning_encoder.encoders.1.self_attn.pos_bias_u", "conditioning_encoder.encoders.1.self_attn.pos_bias_v", "conditioning_encoder.encoders.1.self_attn.linear_q.weight", "conditioning_encoder.encoders.1.self_attn.linear_q.bias", "conditioning_encoder.encoders.1.self_attn.linear_k.weight", "conditioning_encoder.encoders.1.self_attn.linear_k.bias", "conditioning_encoder.encoders.1.self_attn.linear_v.weight", "conditioning_encoder.encoders.1.self_attn.linear_v.bias", "conditioning_encoder.encoders.1.self_attn.linear_out.weight", "conditioning_encoder.encoders.1.self_attn.linear_out.bias", "conditioning_encoder.encoders.1.self_attn.linear_pos.weight", "conditioning_encoder.encoders.1.feed_forward.w_1.weight", "conditioning_encoder.encoders.1.feed_forward.w_1.bias", "conditioning_encoder.encoders.1.feed_forward.w_2.weight", "conditioning_encoder.encoders.1.feed_forward.w_2.bias", "conditioning_encoder.encoders.1.conv_module.pointwise_conv1.weight", "conditioning_encoder.encoders.1.conv_module.pointwise_conv1.bias", "conditioning_encoder.encoders.1.conv_module.depthwise_conv.weight", "conditioning_encoder.encoders.1.conv_module.depthwise_conv.bias", "conditioning_encoder.encoders.1.conv_module.norm.weight", "conditioning_encoder.encoders.1.conv_module.norm.bias", "conditioning_encoder.encoders.1.conv_module.pointwise_conv2.weight", "conditioning_encoder.encoders.1.conv_module.pointwise_conv2.bias", "conditioning_encoder.encoders.1.norm_ff.weight", "conditioning_encoder.encoders.1.norm_ff.bias", "conditioning_encoder.encoders.1.norm_mha.weight", "conditioning_encoder.encoders.1.norm_mha.bias", "conditioning_encoder.encoders.1.norm_conv.weight", "conditioning_encoder.encoders.1.norm_conv.bias", "conditioning_encoder.encoders.1.norm_final.weight", "conditioning_encoder.encoders.1.norm_final.bias", "conditioning_encoder.encoders.2.self_attn.pos_bias_u", "conditioning_encoder.encoders.2.self_attn.pos_bias_v", "conditioning_encoder.encoders.2.self_attn.linear_q.weight", "conditioning_encoder.encoders.2.self_attn.linear_q.bias", "conditioning_encoder.encoders.2.self_attn.linear_k.weight", "conditioning_encoder.encoders.2.self_attn.linear_k.bias", "conditioning_encoder.encoders.2.self_attn.linear_v.weight", "conditioning_encoder.encoders.2.self_attn.linear_v.bias", "conditioning_encoder.encoders.2.self_attn.linear_out.weight", "conditioning_encoder.encoders.2.self_attn.linear_out.bias", "conditioning_encoder.encoders.2.self_attn.linear_pos.weight", "conditioning_encoder.encoders.2.feed_forward.w_1.weight", "conditioning_encoder.encoders.2.feed_forward.w_1.bias", "conditioning_encoder.encoders.2.feed_forward.w_2.weight", "conditioning_encoder.encoders.2.feed_forward.w_2.bias", "conditioning_encoder.encoders.2.conv_module.pointwise_conv1.weight", "conditioning_encoder.encoders.2.conv_module.pointwise_conv1.bias", "conditioning_encoder.encoders.2.conv_module.depthwise_conv.weight", "conditioning_encoder.encoders.2.conv_module.depthwise_conv.bias", "conditioning_encoder.encoders.2.conv_module.norm.weight", "conditioning_encoder.encoders.2.conv_module.norm.bias", "conditioning_encoder.encoders.2.conv_module.pointwise_conv2.weight", "conditioning_encoder.encoders.2.conv_module.pointwise_conv2.bias", "conditioning_encoder.encoders.2.norm_ff.weight", "conditioning_encoder.encoders.2.norm_ff.bias", "conditioning_encoder.encoders.2.norm_mha.weight", "conditioning_encoder.encoders.2.norm_mha.bias", "conditioning_encoder.encoders.2.norm_conv.weight", "conditioning_encoder.encoders.2.norm_conv.bias", "conditioning_encoder.encoders.2.norm_final.weight", "conditioning_encoder.encoders.2.norm_final.bias", "conditioning_encoder.encoders.3.self_attn.pos_bias_u", "conditioning_encoder.encoders.3.self_attn.pos_bias_v", "conditioning_encoder.encoders.3.self_attn.linear_q.weight", "conditioning_encoder.encoders.3.self_attn.linear_q.bias", "conditioning_encoder.encoders.3.self_attn.linear_k.weight", "conditioning_encoder.encoders.3.self_attn.linear_k.bias", "conditioning_encoder.encoders.3.self_attn.linear_v.weight", "conditioning_encoder.encoders.3.self_attn.linear_v.bias", "conditioning_encoder.encoders.3.self_attn.linear_out.weight", "conditioning_encoder.encoders.3.self_attn.linear_out.bias", "conditioning_encoder.encoders.3.self_attn.linear_pos.weight", "conditioning_encoder.encoders.3.feed_forward.w_1.weight", "conditioning_encoder.encoders.3.feed_forward.w_1.bias", "conditioning_encoder.encoders.3.feed_forward.w_2.weight", "conditioning_encoder.encoders.3.feed_forward.w_2.bias", "conditioning_encoder.encoders.3.conv_module.pointwise_conv1.weight", "conditioning_encoder.encoders.3.conv_module.pointwise_conv1.bias", "conditioning_encoder.encoders.3.conv_module.depthwise_conv.weight", "conditioning_encoder.encoders.3.conv_module.depthwise_conv.bias", "conditioning_encoder.encoders.3.conv_module.norm.weight", "conditioning_encoder.encoders.3.conv_module.norm.bias", "conditioning_encoder.encoders.3.conv_module.pointwise_conv2.weight", "conditioning_encoder.encoders.3.conv_module.pointwise_conv2.bias", "conditioning_encoder.encoders.3.norm_ff.weight", "conditioning_encoder.encoders.3.norm_ff.bias", "conditioning_encoder.encoders.3.norm_mha.weight", "conditioning_encoder.encoders.3.norm_mha.bias", "conditioning_encoder.encoders.3.norm_conv.weight", "conditioning_encoder.encoders.3.norm_conv.bias", "conditioning_encoder.encoders.3.norm_final.weight", "conditioning_encoder.encoders.3.norm_final.bias", "conditioning_encoder.encoders.4.self_attn.pos_bias_u", "conditioning_encoder.encoders.4.self_attn.pos_bias_v", "conditioning_encoder.encoders.4.self_attn.linear_q.weight", "conditioning_encoder.encoders.4.self_attn.linear_q.bias", "conditioning_encoder.encoders.4.self_attn.linear_k.weight", "conditioning_encoder.encoders.4.self_attn.linear_k.bias", "conditioning_encoder.encoders.4.self_attn.linear_v.weight", "conditioning_encoder.encoders.4.self_attn.linear_v.bias", "conditioning_encoder.encoders.4.self_attn.linear_out.weight", "conditioning_encoder.encoders.4.self_attn.linear_out.bias", "conditioning_encoder.encoders.4.self_attn.linear_pos.weight", "conditioning_encoder.encoders.4.feed_forward.w_1.weight", "conditioning_encoder.encoders.4.feed_forward.w_1.bias", "conditioning_encoder.encoders.4.feed_forward.w_2.weight", "conditioning_encoder.encoders.4.feed_forward.w_2.bias", "conditioning_encoder.encoders.4.conv_module.pointwise_conv1.weight", "conditioning_encoder.encoders.4.conv_module.pointwise_conv1.bias", "conditioning_encoder.encoders.4.conv_module.depthwise_conv.weight", "conditioning_encoder.encoders.4.conv_module.depthwise_conv.bias", "conditioning_encoder.encoders.4.conv_module.norm.weight", "conditioning_encoder.encoders.4.conv_module.norm.bias", "conditioning_encoder.encoders.4.conv_module.pointwise_conv2.weight", "conditioning_encoder.encoders.4.conv_module.pointwise_conv2.bias", "conditioning_encoder.encoders.4.norm_ff.weight", "conditioning_encoder.encoders.4.norm_ff.bias", "conditioning_encoder.encoders.4.norm_mha.weight", "conditioning_encoder.encoders.4.norm_mha.bias", "conditioning_encoder.encoders.4.norm_conv.weight", "conditioning_encoder.encoders.4.norm_conv.bias", "conditioning_encoder.encoders.4.norm_final.weight", "conditioning_encoder.encoders.4.norm_final.bias", "conditioning_encoder.encoders.5.self_attn.pos_bias_u", "conditioning_encoder.encoders.5.self_attn.pos_bias_v", "conditioning_encoder.encoders.5.self_attn.linear_q.weight", "conditioning_encoder.encoders.5.self_attn.linear_q.bias", "conditioning_encoder.encoders.5.self_attn.linear_k.weight", "conditioning_encoder.encoders.5.self_attn.linear_k.bias", "conditioning_encoder.encoders.5.self_attn.linear_v.weight", "conditioning_encoder.encoders.5.self_attn.linear_v.bias", "conditioning_encoder.encoders.5.self_attn.linear_out.weight", "conditioning_encoder.encoders.5.self_attn.linear_out.bias", "conditioning_encoder.encoders.5.self_attn.linear_pos.weight", "conditioning_encoder.encoders.5.feed_forward.w_1.weight", "conditioning_encoder.encoders.5.feed_forward.w_1.bias", "conditioning_encoder.encoders.5.feed_forward.w_2.weight", "conditioning_encoder.encoders.5.feed_forward.w_2.bias", "conditioning_encoder.encoders.5.conv_module.pointwise_conv1.weight", "conditioning_encoder.encoders.5.conv_module.pointwise_conv1.bias", "conditioning_encoder.encoders.5.conv_module.depthwise_conv.weight", "conditioning_encoder.encoders.5.conv_module.depthwise_conv.bias", "conditioning_encoder.encoders.5.conv_module.norm.weight", "conditioning_encoder.encoders.5.conv_module.norm.bias", "conditioning_encoder.encoders.5.conv_module.pointwise_conv2.weight", "conditioning_encoder.encoders.5.conv_module.pointwise_conv2.bias", "conditioning_encoder.encoders.5.norm_ff.weight", "conditioning_encoder.encoders.5.norm_ff.bias", "conditioning_encoder.encoders.5.norm_mha.weight", "conditioning_encoder.encoders.5.norm_mha.bias", "conditioning_encoder.encoders.5.norm_conv.weight", "conditioning_encoder.encoders.5.norm_conv.bias", "conditioning_encoder.encoders.5.norm_final.weight", "conditioning_encoder.encoders.5.norm_final.bias", "perceiver_encoder.latents", "perceiver_encoder.proj_context.weight", "perceiver_encoder.proj_context.bias", "perceiver_encoder.layers.0.0.to_q.weight", "perceiver_encoder.layers.0.0.to_kv.weight", "perceiver_encoder.layers.0.0.to_out.weight", "perceiver_encoder.layers.0.1.0.weight", "perceiver_encoder.layers.0.1.0.bias", "perceiver_encoder.layers.0.1.2.weight", "perceiver_encoder.layers.0.1.2.bias", "perceiver_encoder.layers.1.0.to_q.weight", "perceiver_encoder.layers.1.0.to_kv.weight", "perceiver_encoder.layers.1.0.to_out.weight", "perceiver_encoder.layers.1.1.0.weight", "perceiver_encoder.layers.1.1.0.bias", "perceiver_encoder.layers.1.1.2.weight", "perceiver_encoder.layers.1.1.2.bias", "perceiver_encoder.norm.gamma", "emo_conditioning_encoder.embed.conv.0.weight", "emo_conditioning_encoder.embed.conv.0.bias", "emo_conditioning_encoder.embed.out.0.weight", "emo_conditioning_encoder.embed.out.0.bias", "emo_conditioning_encoder.embed.pos_enc.pe", "emo_conditioning_encoder.after_norm.weight", "emo_conditioning_encoder.after_norm.bias", "emo_conditioning_encoder.encoders.0.self_attn.pos_bias_u", "emo_conditioning_encoder.encoders.0.self_attn.pos_bias_v", "emo_conditioning_encoder.encoders.0.self_attn.linear_q.weight", "emo_conditioning_encoder.encoders.0.self_attn.linear_q.bias", "emo_conditioning_encoder.encoders.0.self_attn.linear_k.weight", "emo_conditioning_encoder.encoders.0.self_attn.linear_k.bias", "emo_conditioning_encoder.encoders.0.self_attn.linear_v.weight", "emo_conditioning_encoder.encoders.0.self_attn.linear_v.bias", "emo_conditioning_encoder.encoders.0.self_attn.linear_out.weight", "emo_conditioning_encoder.encoders.0.self_attn.linear_out.bias", "emo_conditioning_encoder.encoders.0.self_attn.linear_pos.weight", "emo_conditioning_encoder.encoders.0.feed_forward.w_1.weight", "emo_conditioning_encoder.encoders.0.feed_forward.w_1.bias", "emo_conditioning_encoder.encoders.0.feed_forward.w_2.weight", "emo_conditioning_encoder.encoders.0.feed_forward.w_2.bias", "emo_conditioning_encoder.encoders.0.conv_module.pointwise_conv1.weight", "emo_conditioning_encoder.encoders.0.conv_module.pointwise_conv1.bias", "emo_conditioning_encoder.encoders.0.conv_module.depthwise_conv.weight", "emo_conditioning_encoder.encoders.0.conv_module.depthwise_conv.bias", "emo_conditioning_encoder.encoders.0.conv_module.norm.weight", "emo_conditioning_encoder.encoders.0.conv_module.norm.bias", "emo_conditioning_encoder.encoders.0.conv_module.pointwise_conv2.weight", "emo_conditioning_encoder.encoders.0.conv_module.pointwise_conv2.bias", "emo_conditioning_encoder.encoders.0.norm_ff.weight", "emo_conditioning_encoder.encoders.0.norm_ff.bias", "emo_conditioning_encoder.encoders.0.norm_mha.weight", "emo_conditioning_encoder.encoders.0.norm_mha.bias", "emo_conditioning_encoder.encoders.0.norm_conv.weight", "emo_conditioning_encoder.encoders.0.norm_conv.bias", "emo_conditioning_encoder.encoders.0.norm_final.weight", "emo_conditioning_encoder.encoders.0.norm_final.bias", "emo_conditioning_encoder.encoders.1.self_attn.pos_bias_u", "emo_conditioning_encoder.encoders.1.self_attn.pos_bias_v", "emo_conditioning_encoder.encoders.1.self_attn.linear_q.weight", "emo_conditioning_encoder.encoders.1.self_attn.linear_q.bias", "emo_conditioning_encoder.encoders.1.self_attn.linear_k.weight", "emo_conditioning_encoder.encoders.1.self_attn.linear_k.bias", "emo_conditioning_encoder.encoders.1.self_attn.linear_v.weight", "emo_conditioning_encoder.encoders.1.self_attn.linear_v.bias", "emo_conditioning_encoder.encoders.1.self_attn.linear_out.weight", "emo_conditioning_encoder.encoders.1.self_attn.linear_out.bias", "emo_conditioning_encoder.encoders.1.self_attn.linear_pos.weight", "emo_conditioning_encoder.encoders.1.feed_forward.w_1.weight", "emo_conditioning_encoder.encoders.1.feed_forward.w_1.bias", "emo_conditioning_encoder.encoders.1.feed_forward.w_2.weight", "emo_conditioning_encoder.encoders.1.feed_forward.w_2.bias", "emo_conditioning_encoder.encoders.1.conv_module.pointwise_conv1.weight", "emo_conditioning_encoder.encoders.1.conv_module.pointwise_conv1.bias", "emo_conditioning_encoder.encoders.1.conv_module.depthwise_conv.weight", "emo_conditioning_encoder.encoders.1.conv_module.depthwise_conv.bias", "emo_conditioning_encoder.encoders.1.conv_module.norm.weight", "emo_conditioning_encoder.encoders.1.conv_module.norm.bias", "emo_conditioning_encoder.encoders.1.conv_module.pointwise_conv2.weight", "emo_conditioning_encoder.encoders.1.conv_module.pointwise_conv2.bias", "emo_conditioning_encoder.encoders.1.norm_ff.weight", "emo_conditioning_encoder.encoders.1.norm_ff.bias", "emo_conditioning_encoder.encoders.1.norm_mha.weight", "emo_conditioning_encoder.encoders.1.norm_mha.bias", "emo_conditioning_encoder.encoders.1.norm_conv.weight", "emo_conditioning_encoder.encoders.1.norm_conv.bias", "emo_conditioning_encoder.encoders.1.norm_final.weight", "emo_conditioning_encoder.encoders.1.norm_final.bias", "emo_conditioning_encoder.encoders.2.self_attn.pos_bias_u", "emo_conditioning_encoder.encoders.2.self_attn.pos_bias_v", "emo_conditioning_encoder.encoders.2.self_attn.linear_q.weight", "emo_conditioning_encoder.encoders.2.self_attn.linear_q.bias", "emo_conditioning_encoder.encoders.2.self_attn.linear_k.weight", "emo_conditioning_encoder.encoders.2.self_attn.linear_k.bias", "emo_conditioning_encoder.encoders.2.self_attn.linear_v.weight", "emo_conditioning_encoder.encoders.2.self_attn.linear_v.bias", "emo_conditioning_encoder.encoders.2.self_attn.linear_out.weight", "emo_conditioning_encoder.encoders.2.self_attn.linear_out.bias", "emo_conditioning_encoder.encoders.2.self_attn.linear_pos.weight", "emo_conditioning_encoder.encoders.2.feed_forward.w_1.weight", "emo_conditioning_encoder.encoders.2.feed_forward.w_1.bias", "emo_conditioning_encoder.encoders.2.feed_forward.w_2.weight", "emo_conditioning_encoder.encoders.2.feed_forward.w_2.bias", "emo_conditioning_encoder.encoders.2.conv_module.pointwise_conv1.weight", "emo_conditioning_encoder.encoders.2.conv_module.pointwise_conv1.bias", "emo_conditioning_encoder.encoders.2.conv_module.depthwise_conv.weight", "emo_conditioning_encoder.encoders.2.conv_module.depthwise_conv.bias", "emo_conditioning_encoder.encoders.2.conv_module.norm.weight", "emo_conditioning_encoder.encoders.2.conv_module.norm.bias", "emo_conditioning_encoder.encoders.2.conv_module.pointwise_conv2.weight", "emo_conditioning_encoder.encoders.2.conv_module.pointwise_conv2.bias", "emo_conditioning_encoder.encoders.2.norm_ff.weight", "emo_conditioning_encoder.encoders.2.norm_ff.bias", "emo_conditioning_encoder.encoders.2.norm_mha.weight", "emo_conditioning_encoder.encoders.2.norm_mha.bias", "emo_conditioning_encoder.encoders.2.norm_conv.weight", "emo_conditioning_encoder.encoders.2.norm_conv.bias", "emo_conditioning_encoder.encoders.2.norm_final.weight", "emo_conditioning_encoder.encoders.2.norm_final.bias", "emo_conditioning_encoder.encoders.3.self_attn.pos_bias_u", "emo_conditioning_encoder.encoders.3.self_attn.pos_bias_v", "emo_conditioning_encoder.encoders.3.self_attn.linear_q.weight", "emo_conditioning_encoder.encoders.3.self_attn.linear_q.bias", "emo_conditioning_encoder.encoders.3.self_attn.linear_k.weight", "emo_conditioning_encoder.encoders.3.self_attn.linear_k.bias", "emo_conditioning_encoder.encoders.3.self_attn.linear_v.weight", "emo_conditioning_encoder.encoders.3.self_attn.linear_v.bias", "emo_conditioning_encoder.encoders.3.self_attn.linear_out.weight", "emo_conditioning_encoder.encoders.3.self_attn.linear_out.bias", "emo_conditioning_encoder.encoders.3.self_attn.linear_pos.weight", "emo_conditioning_encoder.encoders.3.feed_forward.w_1.weight", "emo_conditioning_encoder.encoders.3.feed_forward.w_1.bias", "emo_conditioning_encoder.encoders.3.feed_forward.w_2.weight", "emo_conditioning_encoder.encoders.3.feed_forward.w_2.bias", "emo_conditioning_encoder.encoders.3.conv_module.pointwise_conv1.weight", "emo_conditioning_encoder.encoders.3.conv_module.pointwise_conv1.bias", "emo_conditioning_encoder.encoders.3.conv_module.depthwise_conv.weight", "emo_conditioning_encoder.encoders.3.conv_module.depthwise_conv.bias", "emo_conditioning_encoder.encoders.3.conv_module.norm.weight", "emo_conditioning_encoder.encoders.3.conv_module.norm.bias", "emo_conditioning_encoder.encoders.3.conv_module.pointwise_conv2.weight", "emo_conditioning_encoder.encoders.3.conv_module.pointwise_conv2.bias", "emo_conditioning_encoder.encoders.3.norm_ff.weight", "emo_conditioning_encoder.encoders.3.norm_ff.bias", "emo_conditioning_encoder.encoders.3.norm_mha.weight", "emo_conditioning_encoder.encoders.3.norm_mha.bias", "emo_conditioning_encoder.encoders.3.norm_conv.weight", "emo_conditioning_encoder.encoders.3.norm_conv.bias", "emo_conditioning_encoder.encoders.3.norm_final.weight", "emo_conditioning_encoder.encoders.3.norm_final.bias", "emo_perceiver_encoder.latents", "emo_perceiver_encoder.proj_context.weight", "emo_perceiver_encoder.proj_context.bias", "emo_perceiver_encoder.layers.0.0.to_q.weight", "emo_perceiver_encoder.layers.0.0.to_kv.weight", "emo_perceiver_encoder.layers.0.0.to_out.weight", "emo_perceiver_encoder.layers.0.1.0.weight", "emo_perceiver_encoder.layers.0.1.0.bias", "emo_perceiver_encoder.layers.0.1.2.weight", "emo_perceiver_encoder.layers.0.1.2.bias", "emo_perceiver_encoder.layers.1.0.to_q.weight", "emo_perceiver_encoder.layers.1.0.to_kv.weight", "emo_perceiver_encoder.layers.1.0.to_out.weight", "emo_perceiver_encoder.layers.1.1.0.weight", "emo_perceiver_encoder.layers.1.1.0.bias", "emo_perceiver_encoder.layers.1.1.2.weight", "emo_perceiver_encoder.layers.1.1.2.bias", "emo_perceiver_encoder.norm.gamma", "text_embedding.weight", "emo_layer.weight", "emo_layer.bias", "emovec_layer.weight", "emovec_layer.bias", "mel_embedding.weight", "gpt.h.0.ln_1.weight", "gpt.h.0.ln_1.bias", "gpt.h.0.attn.c_attn.weight", "gpt.h.0.attn.c_attn.bias", "gpt.h.0.attn.c_proj.weight", "gpt.h.0.attn.c_proj.bias", "gpt.h.0.ln_2.weight", "gpt.h.0.ln_2.bias", "gpt.h.0.mlp.c_fc.weight", "gpt.h.0.mlp.c_fc.bias", "gpt.h.0.mlp.c_proj.weight", "gpt.h.0.mlp.c_proj.bias", "gpt.h.1.ln_1.weight", "gpt.h.1.ln_1.bias", "gpt.h.1.attn.c_attn.weight", "gpt.h.1.attn.c_attn.bias", "gpt.h.1.attn.c_proj.weight", "gpt.h.1.attn.c_proj.bias", "gpt.h.1.ln_2.weight", "gpt.h.1.ln_2.bias", "gpt.h.1.mlp.c_fc.weight", "gpt.h.1.mlp.c_fc.bias", "gpt.h.1.mlp.c_proj.weight", "gpt.h.1.mlp.c_proj.bias", "gpt.h.2.ln_1.weight", "gpt.h.2.ln_1.bias", "gpt.h.2.attn.c_attn.weight", "gpt.h.2.attn.c_attn.bias", "gpt.h.2.attn.c_proj.weight", "gpt.h.2.attn.c_proj.bias", "gpt.h.2.ln_2.weight", "gpt.h.2.ln_2.bias", "gpt.h.2.mlp.c_fc.weight", "gpt.h.2.mlp.c_fc.bias", "gpt.h.2.mlp.c_proj.weight", "gpt.h.2.mlp.c_proj.bias", "gpt.h.3.ln_1.weight", "gpt.h.3.ln_1.bias", "gpt.h.3.attn.c_attn.weight", "gpt.h.3.attn.c_attn.bias", "gpt.h.3.attn.c_proj.weight", "gpt.h.3.attn.c_proj.bias", "gpt.h.3.ln_2.weight", "gpt.h.3.ln_2.bias", "gpt.h.3.mlp.c_fc.weight", "gpt.h.3.mlp.c_fc.bias", "gpt.h.3.mlp.c_proj.weight", "gpt.h.3.mlp.c_proj.bias", "gpt.h.4.ln_1.weight", "gpt.h.4.ln_1.bias", "gpt.h.4.attn.c_attn.weight", "gpt.h.4.attn.c_attn.bias", "gpt.h.4.attn.c_proj.weight", "gpt.h.4.attn.c_proj.bias", "gpt.h.4.ln_2.weight", "gpt.h.4.ln_2.bias", "gpt.h.4.mlp.c_fc.weight", "gpt.h.4.mlp.c_fc.bias", "gpt.h.4.mlp.c_proj.weight", "gpt.h.4.mlp.c_proj.bias", "gpt.h.5.ln_1.weight", "gpt.h.5.ln_1.bias", "gpt.h.5.attn.c_attn.weight", "gpt.h.5.attn.c_attn.bias", "gpt.h.5.attn.c_proj.weight", "gpt.h.5.attn.c_proj.bias", "gpt.h.5.ln_2.weight", "gpt.h.5.ln_2.bias", "gpt.h.5.mlp.c_fc.weight", "gpt.h.5.mlp.c_fc.bias", "gpt.h.5.mlp.c_proj.weight", "gpt.h.5.mlp.c_proj.bias", "gpt.h.6.ln_1.weight", "gpt.h.6.ln_1.bias", "gpt.h.6.attn.c_attn.weight", "gpt.h.6.attn.c_attn.bias", "gpt.h.6.attn.c_proj.weight", "gpt.h.6.attn.c_proj.bias", "gpt.h.6.ln_2.weight", "gpt.h.6.ln_2.bias", "gpt.h.6.mlp.c_fc.weight", "gpt.h.6.mlp.c_fc.bias", "gpt.h.6.mlp.c_proj.weight", "gpt.h.6.mlp.c_proj.bias", "gpt.h.7.ln_1.weight", "gpt.h.7.ln_1.bias", "gpt.h.7.attn.c_attn.weight", "gpt.h.7.attn.c_attn.bias", "gpt.h.7.attn.c_proj.weight", "gpt.h.7.attn.c_proj.bias", "gpt.h.7.ln_2.weight", "gpt.h.7.ln_2.bias", "gpt.h.7.mlp.c_fc.weight", "gpt.h.7.mlp.c_fc.bias", "gpt.h.7.mlp.c_proj.weight", "gpt.h.7.mlp.c_proj.bias", "gpt.h.8.ln_1.weight", "gpt.h.8.ln_1.bias", "gpt.h.8.attn.c_attn.weight", "gpt.h.8.attn.c_attn.bias", "gpt.h.8.attn.c_proj.weight", "gpt.h.8.attn.c_proj.bias", "gpt.h.8.ln_2.weight", "gpt.h.8.ln_2.bias", "gpt.h.8.mlp.c_fc.weight", "gpt.h.8.mlp.c_fc.bias", "gpt.h.8.mlp.c_proj.weight", "gpt.h.8.mlp.c_proj.bias", "gpt.h.9.ln_1.weight", "gpt.h.9.ln_1.bias", "gpt.h.9.attn.c_attn.weight", "gpt.h.9.attn.c_attn.bias", "gpt.h.9.attn.c_proj.weight", "gpt.h.9.attn.c_proj.bias", "gpt.h.9.ln_2.weight", "gpt.h.9.ln_2.bias", "gpt.h.9.mlp.c_fc.weight", "gpt.h.9.mlp.c_fc.bias", "gpt.h.9.mlp.c_proj.weight", "gpt.h.9.mlp.c_proj.bias", "gpt.h.10.ln_1.weight", "gpt.h.10.ln_1.bias", "gpt.h.10.attn.c_attn.weight", "gpt.h.10.attn.c_attn.bias", "gpt.h.10.attn.c_proj.weight", "gpt.h.10.attn.c_proj.bias", "gpt.h.10.ln_2.weight", "gpt.h.10.ln_2.bias", "gpt.h.10.mlp.c_fc.weight", "gpt.h.10.mlp.c_fc.bias", "gpt.h.10.mlp.c_proj.weight", "gpt.h.10.mlp.c_proj.bias", "gpt.h.11.ln_1.weight", "gpt.h.11.ln_1.bias", "gpt.h.11.attn.c_attn.weight", "gpt.h.11.attn.c_attn.bias", "gpt.h.11.attn.c_proj.weight", "gpt.h.11.attn.c_proj.bias", "gpt.h.11.ln_2.weight", "gpt.h.11.ln_2.bias", "gpt.h.11.mlp.c_fc.weight", "gpt.h.11.mlp.c_fc.bias", "gpt.h.11.mlp.c_proj.weight", "gpt.h.11.mlp.c_proj.bias", "gpt.h.12.ln_1.weight", "gpt.h.12.ln_1.bias", "gpt.h.12.attn.c_attn.weight", "gpt.h.12.attn.c_attn.bias", "gpt.h.12.attn.c_proj.weight", "gpt.h.12.attn.c_proj.bias", "gpt.h.12.ln_2.weight", "gpt.h.12.ln_2.bias", "gpt.h.12.mlp.c_fc.weight", "gpt.h.12.mlp.c_fc.bias", "gpt.h.12.mlp.c_proj.weight", "gpt.h.12.mlp.c_proj.bias", "gpt.h.13.ln_1.weight", "gpt.h.13.ln_1.bias", "gpt.h.13.attn.c_attn.weight", "gpt.h.13.attn.c_attn.bias", "gpt.h.13.attn.c_proj.weight", "gpt.h.13.attn.c_proj.bias", "gpt.h.13.ln_2.weight", "gpt.h.13.ln_2.bias", "gpt.h.13.mlp.c_fc.weight", "gpt.h.13.mlp.c_fc.bias", "gpt.h.13.mlp.c_proj.weight", "gpt.h.13.mlp.c_proj.bias", "gpt.h.14.ln_1.weight", "gpt.h.14.ln_1.bias", "gpt.h.14.attn.c_attn.weight", "gpt.h.14.attn.c_attn.bias", "gpt.h.14.attn.c_proj.weight", "gpt.h.14.attn.c_proj.bias", "gpt.h.14.ln_2.weight", "gpt.h.14.ln_2.bias", "gpt.h.14.mlp.c_fc.weight", "gpt.h.14.mlp.c_fc.bias", "gpt.h.14.mlp.c_proj.weight", "gpt.h.14.mlp.c_proj.bias", "gpt.h.15.ln_1.weight", "gpt.h.15.ln_1.bias", "gpt.h.15.attn.c_attn.weight", "gpt.h.15.attn.c_attn.bias", "gpt.h.15.attn.c_proj.weight", "gpt.h.15.attn.c_proj.bias", "gpt.h.15.ln_2.weight", "gpt.h.15.ln_2.bias", "gpt.h.15.mlp.c_fc.weight", "gpt.h.15.mlp.c_fc.bias", "gpt.h.15.mlp.c_proj.weight", "gpt.h.15.mlp.c_proj.bias", "gpt.h.16.ln_1.weight", "gpt.h.16.ln_1.bias", "gpt.h.16.attn.c_attn.weight", "gpt.h.16.attn.c_attn.bias", "gpt.h.16.attn.c_proj.weight", "gpt.h.16.attn.c_proj.bias", "gpt.h.16.ln_2.weight", "gpt.h.16.ln_2.bias", "gpt.h.16.mlp.c_fc.weight", "gpt.h.16.mlp.c_fc.bias", "gpt.h.16.mlp.c_proj.weight", "gpt.h.16.mlp.c_proj.bias", "gpt.h.17.ln_1.weight", "gpt.h.17.ln_1.bias", "gpt.h.17.attn.c_attn.weight", "gpt.h.17.attn.c_attn.bias", "gpt.h.17.attn.c_proj.weight", "gpt.h.17.attn.c_proj.bias", "gpt.h.17.ln_2.weight", "gpt.h.17.ln_2.bias", "gpt.h.17.mlp.c_fc.weight", "gpt.h.17.mlp.c_fc.bias", "gpt.h.17.mlp.c_proj.weight", "gpt.h.17.mlp.c_proj.bias", "gpt.h.18.ln_1.weight", "gpt.h.18.ln_1.bias", "gpt.h.18.attn.c_attn.weight", "gpt.h.18.attn.c_attn.bias", "gpt.h.18.attn.c_proj.weight", "gpt.h.18.attn.c_proj.bias", "gpt.h.18.ln_2.weight", "gpt.h.18.ln_2.bias", "gpt.h.18.mlp.c_fc.weight", "gpt.h.18.mlp.c_fc.bias", "gpt.h.18.mlp.c_proj.weight", "gpt.h.18.mlp.c_proj.bias", "gpt.h.19.ln_1.weight", "gpt.h.19.ln_1.bias", "gpt.h.19.attn.c_attn.weight", "gpt.h.19.attn.c_attn.bias", "gpt.h.19.attn.c_proj.weight", "gpt.h.19.attn.c_proj.bias", "gpt.h.19.ln_2.weight", "gpt.h.19.ln_2.bias", "gpt.h.19.mlp.c_fc.weight", "gpt.h.19.mlp.c_fc.bias", "gpt.h.19.mlp.c_proj.weight", "gpt.h.19.mlp.c_proj.bias", "gpt.h.20.ln_1.weight", "gpt.h.20.ln_1.bias", "gpt.h.20.attn.c_attn.weight", "gpt.h.20.attn.c_attn.bias", "gpt.h.20.attn.c_proj.weight", "gpt.h.20.attn.c_proj.bias", "gpt.h.20.ln_2.weight", "gpt.h.20.ln_2.bias", "gpt.h.20.mlp.c_fc.weight", "gpt.h.20.mlp.c_fc.bias", "gpt.h.20.mlp.c_proj.weight", "gpt.h.20.mlp.c_proj.bias", "gpt.h.21.ln_1.weight", "gpt.h.21.ln_1.bias", "gpt.h.21.attn.c_attn.weight", "gpt.h.21.attn.c_attn.bias", "gpt.h.21.attn.c_proj.weight", "gpt.h.21.attn.c_proj.bias", "gpt.h.21.ln_2.weight", "gpt.h.21.ln_2.bias", "gpt.h.21.mlp.c_fc.weight", "gpt.h.21.mlp.c_fc.bias", "gpt.h.21.mlp.c_proj.weight", "gpt.h.21.mlp.c_proj.bias", "gpt.h.22.ln_1.weight", "gpt.h.22.ln_1.bias", "gpt.h.22.attn.c_attn.weight", "gpt.h.22.attn.c_attn.bias", "gpt.h.22.attn.c_proj.weight", "gpt.h.22.attn.c_proj.bias", "gpt.h.22.ln_2.weight", "gpt.h.22.ln_2.bias", "gpt.h.22.mlp.c_fc.weight", "gpt.h.22.mlp.c_fc.bias", "gpt.h.22.mlp.c_proj.weight", "gpt.h.22.mlp.c_proj.bias", "gpt.h.23.ln_1.weight", "gpt.h.23.ln_1.bias", "gpt.h.23.attn.c_attn.weight", "gpt.h.23.attn.c_attn.bias", "gpt.h.23.attn.c_proj.weight", "gpt.h.23.attn.c_proj.bias", "gpt.h.23.ln_2.weight", "gpt.h.23.ln_2.bias", "gpt.h.23.mlp.c_fc.weight", "gpt.h.23.mlp.c_fc.bias", "gpt.h.23.mlp.c_proj.weight", "gpt.h.23.mlp.c_proj.bias", "gpt.ln_f.weight", "gpt.ln_f.bias", "mel_pos_embedding.emb.weight", "text_pos_embedding.emb.weight", "final_norm.weight", "final_norm.bias", "text_head.weight", "text_head.bias", "mel_head.weight", "mel_head.bias", "speed_emb.weight". 
	Unexpected key(s) in state_dict: "0.weight", "0.bias", "2.weight", "2.bias". 
Traceback (most recent call last):
  File "C:\Users\chris\indextts2\index-tts\train_duration.py", line 123, in wrapper
    result = func(*args, **kwargs)
  File "C:\Users\chris\indextts2\index-tts\train_duration.py", line 1278, in train
    checkpoint_info = self.checkpoint_manager.load_latest(
  File "C:\Users\chris\indextts2\index-tts\checkpoint_manager.py", line 529, in load_latest
    return self.load(latest_step, model, optimizer, scheduler, restore_rng)
  File "C:\Users\chris\indextts2\index-tts\checkpoint_manager.py", line 82, in wrapper
    result = func(*args, **kwargs)
  File "C:\Users\chris\indextts2\index-tts\checkpoint_manager.py", line 477, in load
    model.load_state_dict(checkpoint["model_state_dict"])
  File "C:\Users\chris\indextts2\index-tts\.venv\lib\site-packages\torch\nn\modules\module.py", line 2624, in load_state_dict
    raise RuntimeError(
RuntimeError: Error(s) in loading state_dict for UnifiedVoice:
	Missing key(s) in state_dict: "conditioning_encoder.embed.conv.0.weight", "conditioning_encoder.embed.conv.0.bias", "conditioning_encoder.embed.out.0.weight", "conditioning_encoder.embed.out.0.bias", "conditioning_encoder.embed.pos_enc.pe", "conditioning_encoder.after_norm.weight", "conditioning_encoder.after_norm.bias", "conditioning_encoder.encoders.0.self_attn.pos_bias_u", "conditioning_encoder.encoders.0.self_attn.pos_bias_v", "conditioning_encoder.encoders.0.self_attn.linear_q.weight", "conditioning_encoder.encoders.0.self_attn.linear_q.bias", "conditioning_encoder.encoders.0.self_attn.linear_k.weight", "conditioning_encoder.encoders.0.self_attn.linear_k.bias", "conditioning_encoder.encoders.0.self_attn.linear_v.weight", "conditioning_encoder.encoders.0.self_attn.linear_v.bias", "conditioning_encoder.encoders.0.self_attn.linear_out.weight", "conditioning_encoder.encoders.0.self_attn.linear_out.bias", "conditioning_encoder.encoders.0.self_attn.linear_pos.weight", "conditioning_encoder.encoders.0.feed_forward.w_1.weight", "conditioning_encoder.encoders.0.feed_forward.w_1.bias", "conditioning_encoder.encoders.0.feed_forward.w_2.weight", "conditioning_encoder.encoders.0.feed_forward.w_2.bias", "conditioning_encoder.encoders.0.conv_module.pointwise_conv1.weight", "conditioning_encoder.encoders.0.conv_module.pointwise_conv1.bias", "conditioning_encoder.encoders.0.conv_module.depthwise_conv.weight", "conditioning_encoder.encoders.0.conv_module.depthwise_conv.bias", "conditioning_encoder.encoders.0.conv_module.norm.weight", "conditioning_encoder.encoders.0.conv_module.norm.bias", "conditioning_encoder.encoders.0.conv_module.pointwise_conv2.weight", "conditioning_encoder.encoders.0.conv_module.pointwise_conv2.bias", "conditioning_encoder.encoders.0.norm_ff.weight", "conditioning_encoder.encoders.0.norm_ff.bias", "conditioning_encoder.encoders.0.norm_mha.weight", "conditioning_encoder.encoders.0.norm_mha.bias", "conditioning_encoder.encoders.0.norm_conv.weight", "conditioning_encoder.encoders.0.norm_conv.bias", "conditioning_encoder.encoders.0.norm_final.weight", "conditioning_encoder.encoders.0.norm_final.bias", "conditioning_encoder.encoders.1.self_attn.pos_bias_u", "conditioning_encoder.encoders.1.self_attn.pos_bias_v", "conditioning_encoder.encoders.1.self_attn.linear_q.weight", "conditioning_encoder.encoders.1.self_attn.linear_q.bias", "conditioning_encoder.encoders.1.self_attn.linear_k.weight", "conditioning_encoder.encoders.1.self_attn.linear_k.bias", "conditioning_encoder.encoders.1.self_attn.linear_v.weight", "conditioning_encoder.encoders.1.self_attn.linear_v.bias", "conditioning_encoder.encoders.1.self_attn.linear_out.weight", "conditioning_encoder.encoders.1.self_attn.linear_out.bias", "conditioning_encoder.encoders.1.self_attn.linear_pos.weight", "conditioning_encoder.encoders.1.feed_forward.w_1.weight", "conditioning_encoder.encoders.1.feed_forward.w_1.bias", "conditioning_encoder.encoders.1.feed_forward.w_2.weight", "conditioning_encoder.encoders.1.feed_forward.w_2.bias", "conditioning_encoder.encoders.1.conv_module.pointwise_conv1.weight", "conditioning_encoder.encoders.1.conv_module.pointwise_conv1.bias", "conditioning_encoder.encoders.1.conv_module.depthwise_conv.weight", "conditioning_encoder.encoders.1.conv_module.depthwise_conv.bias", "conditioning_encoder.encoders.1.conv_module.norm.weight", "conditioning_encoder.encoders.1.conv_module.norm.bias", "conditioning_encoder.encoders.1.conv_module.pointwise_conv2.weight", "conditioning_encoder.encoders.1.conv_module.pointwise_conv2.bias", "conditioning_encoder.encoders.1.norm_ff.weight", "conditioning_encoder.encoders.1.norm_ff.bias", "conditioning_encoder.encoders.1.norm_mha.weight", "conditioning_encoder.encoders.1.norm_mha.bias", "conditioning_encoder.encoders.1.norm_conv.weight", "conditioning_encoder.encoders.1.norm_conv.bias", "conditioning_encoder.encoders.1.norm_final.weight", "conditioning_encoder.encoders.1.norm_final.bias", "conditioning_encoder.encoders.2.self_attn.pos_bias_u", "conditioning_encoder.encoders.2.self_attn.pos_bias_v", "conditioning_encoder.encoders.2.self_attn.linear_q.weight", "conditioning_encoder.encoders.2.self_attn.linear_q.bias", "conditioning_encoder.encoders.2.self_attn.linear_k.weight", "conditioning_encoder.encoders.2.self_attn.linear_k.bias", "conditioning_encoder.encoders.2.self_attn.linear_v.weight", "conditioning_encoder.encoders.2.self_attn.linear_v.bias", "conditioning_encoder.encoders.2.self_attn.linear_out.weight", "conditioning_encoder.encoders.2.self_attn.linear_out.bias", "conditioning_encoder.encoders.2.self_attn.linear_pos.weight", "conditioning_encoder.encoders.2.feed_forward.w_1.weight", "conditioning_encoder.encoders.2.feed_forward.w_1.bias", "conditioning_encoder.encoders.2.feed_forward.w_2.weight", "conditioning_encoder.encoders.2.feed_forward.w_2.bias", "conditioning_encoder.encoders.2.conv_module.pointwise_conv1.weight", "conditioning_encoder.encoders.2.conv_module.pointwise_conv1.bias", "conditioning_encoder.encoders.2.conv_module.depthwise_conv.weight", "conditioning_encoder.encoders.2.conv_module.depthwise_conv.bias", "conditioning_encoder.encoders.2.conv_module.norm.weight", "conditioning_encoder.encoders.2.conv_module.norm.bias", "conditioning_encoder.encoders.2.conv_module.pointwise_conv2.weight", "conditioning_encoder.encoders.2.conv_module.pointwise_conv2.bias", "conditioning_encoder.encoders.2.norm_ff.weight", "conditioning_encoder.encoders.2.norm_ff.bias", "conditioning_encoder.encoders.2.norm_mha.weight", "conditioning_encoder.encoders.2.norm_mha.bias", "conditioning_encoder.encoders.2.norm_conv.weight", "conditioning_encoder.encoders.2.norm_conv.bias", "conditioning_encoder.encoders.2.norm_final.weight", "conditioning_encoder.encoders.2.norm_final.bias", "conditioning_encoder.encoders.3.self_attn.pos_bias_u", "conditioning_encoder.encoders.3.self_attn.pos_bias_v", "conditioning_encoder.encoders.3.self_attn.linear_q.weight", "conditioning_encoder.encoders.3.self_attn.linear_q.bias", "conditioning_encoder.encoders.3.self_attn.linear_k.weight", "conditioning_encoder.encoders.3.self_attn.linear_k.bias", "conditioning_encoder.encoders.3.self_attn.linear_v.weight", "conditioning_encoder.encoders.3.self_attn.linear_v.bias", "conditioning_encoder.encoders.3.self_attn.linear_out.weight", "conditioning_encoder.encoders.3.self_attn.linear_out.bias", "conditioning_encoder.encoders.3.self_attn.linear_pos.weight", "conditioning_encoder.encoders.3.feed_forward.w_1.weight", "conditioning_encoder.encoders.3.feed_forward.w_1.bias", "conditioning_encoder.encoders.3.feed_forward.w_2.weight", "conditioning_encoder.encoders.3.feed_forward.w_2.bias", "conditioning_encoder.encoders.3.conv_module.pointwise_conv1.weight", "conditioning_encoder.encoders.3.conv_module.pointwise_conv1.bias", "conditioning_encoder.encoders.3.conv_module.depthwise_conv.weight", "conditioning_encoder.encoders.3.conv_module.depthwise_conv.bias", "conditioning_encoder.encoders.3.conv_module.norm.weight", "conditioning_encoder.encoders.3.conv_module.norm.bias", "conditioning_encoder.encoders.3.conv_module.pointwise_conv2.weight", "conditioning_encoder.encoders.3.conv_module.pointwise_conv2.bias", "conditioning_encoder.encoders.3.norm_ff.weight", "conditioning_encoder.encoders.3.norm_ff.bias", "conditioning_encoder.encoders.3.norm_mha.weight", "conditioning_encoder.encoders.3.norm_mha.bias", "conditioning_encoder.encoders.3.norm_conv.weight", "conditioning_encoder.encoders.3.norm_conv.bias", "conditioning_encoder.encoders.3.norm_final.weight", "conditioning_encoder.encoders.3.norm_final.bias", "conditioning_encoder.encoders.4.self_attn.pos_bias_u", "conditioning_encoder.encoders.4.self_attn.pos_bias_v", "conditioning_encoder.encoders.4.self_attn.linear_q.weight", "conditioning_encoder.encoders.4.self_attn.linear_q.bias", "conditioning_encoder.encoders.4.self_attn.linear_k.weight", "conditioning_encoder.encoders.4.self_attn.linear_k.bias", "conditioning_encoder.encoders.4.self_attn.linear_v.weight", "conditioning_encoder.encoders.4.self_attn.linear_v.bias", "conditioning_encoder.encoders.4.self_attn.linear_out.weight", "conditioning_encoder.encoders.4.self_attn.linear_out.bias", "conditioning_encoder.encoders.4.self_attn.linear_pos.weight", "conditioning_encoder.encoders.4.feed_forward.w_1.weight", "conditioning_encoder.encoders.4.feed_forward.w_1.bias", "conditioning_encoder.encoders.4.feed_forward.w_2.weight", "conditioning_encoder.encoders.4.feed_forward.w_2.bias", "conditioning_encoder.encoders.4.conv_module.pointwise_conv1.weight", "conditioning_encoder.encoders.4.conv_module.pointwise_conv1.bias", "conditioning_encoder.encoders.4.conv_module.depthwise_conv.weight", "conditioning_encoder.encoders.4.conv_module.depthwise_conv.bias", "conditioning_encoder.encoders.4.conv_module.norm.weight", "conditioning_encoder.encoders.4.conv_module.norm.bias", "conditioning_encoder.encoders.4.conv_module.pointwise_conv2.weight", "conditioning_encoder.encoders.4.conv_module.pointwise_conv2.bias", "conditioning_encoder.encoders.4.norm_ff.weight", "conditioning_encoder.encoders.4.norm_ff.bias", "conditioning_encoder.encoders.4.norm_mha.weight", "conditioning_encoder.encoders.4.norm_mha.bias", "conditioning_encoder.encoders.4.norm_conv.weight", "conditioning_encoder.encoders.4.norm_conv.bias", "conditioning_encoder.encoders.4.norm_final.weight", "conditioning_encoder.encoders.4.norm_final.bias", "conditioning_encoder.encoders.5.self_attn.pos_bias_u", "conditioning_encoder.encoders.5.self_attn.pos_bias_v", "conditioning_encoder.encoders.5.self_attn.linear_q.weight", "conditioning_encoder.encoders.5.self_attn.linear_q.bias", "conditioning_encoder.encoders.5.self_attn.linear_k.weight", "conditioning_encoder.encoders.5.self_attn.linear_k.bias", "conditioning_encoder.encoders.5.self_attn.linear_v.weight", "conditioning_encoder.encoders.5.self_attn.linear_v.bias", "conditioning_encoder.encoders.5.self_attn.linear_out.weight", "conditioning_encoder.encoders.5.self_attn.linear_out.bias", "conditioning_encoder.encoders.5.self_attn.linear_pos.weight", "conditioning_encoder.encoders.5.feed_forward.w_1.weight", "conditioning_encoder.encoders.5.feed_forward.w_1.bias", "conditioning_encoder.encoders.5.feed_forward.w_2.weight", "conditioning_encoder.encoders.5.feed_forward.w_2.bias", "conditioning_encoder.encoders.5.conv_module.pointwise_conv1.weight", "conditioning_encoder.encoders.5.conv_module.pointwise_conv1.bias", "conditioning_encoder.encoders.5.conv_module.depthwise_conv.weight", "conditioning_encoder.encoders.5.conv_module.depthwise_conv.bias", "conditioning_encoder.encoders.5.conv_module.norm.weight", "conditioning_encoder.encoders.5.conv_module.norm.bias", "conditioning_encoder.encoders.5.conv_module.pointwise_conv2.weight", "conditioning_encoder.encoders.5.conv_module.pointwise_conv2.bias", "conditioning_encoder.encoders.5.norm_ff.weight", "conditioning_encoder.encoders.5.norm_ff.bias", "conditioning_encoder.encoders.5.norm_mha.weight", "conditioning_encoder.encoders.5.norm_mha.bias", "conditioning_encoder.encoders.5.norm_conv.weight", "conditioning_encoder.encoders.5.norm_conv.bias", "conditioning_encoder.encoders.5.norm_final.weight", "conditioning_encoder.encoders.5.norm_final.bias", "perceiver_encoder.latents", "perceiver_encoder.proj_context.weight", "perceiver_encoder.proj_context.bias", "perceiver_encoder.layers.0.0.to_q.weight", "perceiver_encoder.layers.0.0.to_kv.weight", "perceiver_encoder.layers.0.0.to_out.weight", "perceiver_encoder.layers.0.1.0.weight", "perceiver_encoder.layers.0.1.0.bias", "perceiver_encoder.layers.0.1.2.weight", "perceiver_encoder.layers.0.1.2.bias", "perceiver_encoder.layers.1.0.to_q.weight", "perceiver_encoder.layers.1.0.to_kv.weight", "perceiver_encoder.layers.1.0.to_out.weight", "perceiver_encoder.layers.1.1.0.weight", "perceiver_encoder.layers.1.1.0.bias", "perceiver_encoder.layers.1.1.2.weight", "perceiver_encoder.layers.1.1.2.bias", "perceiver_encoder.norm.gamma", "emo_conditioning_encoder.embed.conv.0.weight", "emo_conditioning_encoder.embed.conv.0.bias", "emo_conditioning_encoder.embed.out.0.weight", "emo_conditioning_encoder.embed.out.0.bias", "emo_conditioning_encoder.embed.pos_enc.pe", "emo_conditioning_encoder.after_norm.weight", "emo_conditioning_encoder.after_norm.bias", "emo_conditioning_encoder.encoders.0.self_attn.pos_bias_u", "emo_conditioning_encoder.encoders.0.self_attn.pos_bias_v", "emo_conditioning_encoder.encoders.0.self_attn.linear_q.weight", "emo_conditioning_encoder.encoders.0.self_attn.linear_q.bias", "emo_conditioning_encoder.encoders.0.self_attn.linear_k.weight", "emo_conditioning_encoder.encoders.0.self_attn.linear_k.bias", "emo_conditioning_encoder.encoders.0.self_attn.linear_v.weight", "emo_conditioning_encoder.encoders.0.self_attn.linear_v.bias", "emo_conditioning_encoder.encoders.0.self_attn.linear_out.weight", "emo_conditioning_encoder.encoders.0.self_attn.linear_out.bias", "emo_conditioning_encoder.encoders.0.self_attn.linear_pos.weight", "emo_conditioning_encoder.encoders.0.feed_forward.w_1.weight", "emo_conditioning_encoder.encoders.0.feed_forward.w_1.bias", "emo_conditioning_encoder.encoders.0.feed_forward.w_2.weight", "emo_conditioning_encoder.encoders.0.feed_forward.w_2.bias", "emo_conditioning_encoder.encoders.0.conv_module.pointwise_conv1.weight", "emo_conditioning_encoder.encoders.0.conv_module.pointwise_conv1.bias", "emo_conditioning_encoder.encoders.0.conv_module.depthwise_conv.weight", "emo_conditioning_encoder.encoders.0.conv_module.depthwise_conv.bias", "emo_conditioning_encoder.encoders.0.conv_module.norm.weight", "emo_conditioning_encoder.encoders.0.conv_module.norm.bias", "emo_conditioning_encoder.encoders.0.conv_module.pointwise_conv2.weight", "emo_conditioning_encoder.encoders.0.conv_module.pointwise_conv2.bias", "emo_conditioning_encoder.encoders.0.norm_ff.weight", "emo_conditioning_encoder.encoders.0.norm_ff.bias", "emo_conditioning_encoder.encoders.0.norm_mha.weight", "emo_conditioning_encoder.encoders.0.norm_mha.bias", "emo_conditioning_encoder.encoders.0.norm_conv.weight", "emo_conditioning_encoder.encoders.0.norm_conv.bias", "emo_conditioning_encoder.encoders.0.norm_final.weight", "emo_conditioning_encoder.encoders.0.norm_final.bias", "emo_conditioning_encoder.encoders.1.self_attn.pos_bias_u", "emo_conditioning_encoder.encoders.1.self_attn.pos_bias_v", "emo_conditioning_encoder.encoders.1.self_attn.linear_q.weight", "emo_conditioning_encoder.encoders.1.self_attn.linear_q.bias", "emo_conditioning_encoder.encoders.1.self_attn.linear_k.weight", "emo_conditioning_encoder.encoders.1.self_attn.linear_k.bias", "emo_conditioning_encoder.encoders.1.self_attn.linear_v.weight", "emo_conditioning_encoder.encoders.1.self_attn.linear_v.bias", "emo_conditioning_encoder.encoders.1.self_attn.linear_out.weight", "emo_conditioning_encoder.encoders.1.self_attn.linear_out.bias", "emo_conditioning_encoder.encoders.1.self_attn.linear_pos.weight", "emo_conditioning_encoder.encoders.1.feed_forward.w_1.weight", "emo_conditioning_encoder.encoders.1.feed_forward.w_1.bias", "emo_conditioning_encoder.encoders.1.feed_forward.w_2.weight", "emo_conditioning_encoder.encoders.1.feed_forward.w_2.bias", "emo_conditioning_encoder.encoders.1.conv_module.pointwise_conv1.weight", "emo_conditioning_encoder.encoders.1.conv_module.pointwise_conv1.bias", "emo_conditioning_encoder.encoders.1.conv_module.depthwise_conv.weight", "emo_conditioning_encoder.encoders.1.conv_module.depthwise_conv.bias", "emo_conditioning_encoder.encoders.1.conv_module.norm.weight", "emo_conditioning_encoder.encoders.1.conv_module.norm.bias", "emo_conditioning_encoder.encoders.1.conv_module.pointwise_conv2.weight", "emo_conditioning_encoder.encoders.1.conv_module.pointwise_conv2.bias", "emo_conditioning_encoder.encoders.1.norm_ff.weight", "emo_conditioning_encoder.encoders.1.norm_ff.bias", "emo_conditioning_encoder.encoders.1.norm_mha.weight", "emo_conditioning_encoder.encoders.1.norm_mha.bias", "emo_conditioning_encoder.encoders.1.norm_conv.weight", "emo_conditioning_encoder.encoders.1.norm_conv.bias", "emo_conditioning_encoder.encoders.1.norm_final.weight", "emo_conditioning_encoder.encoders.1.norm_final.bias", "emo_conditioning_encoder.encoders.2.self_attn.pos_bias_u", "emo_conditioning_encoder.encoders.2.self_attn.pos_bias_v", "emo_conditioning_encoder.encoders.2.self_attn.linear_q.weight", "emo_conditioning_encoder.encoders.2.self_attn.linear_q.bias", "emo_conditioning_encoder.encoders.2.self_attn.linear_k.weight", "emo_conditioning_encoder.encoders.2.self_attn.linear_k.bias", "emo_conditioning_encoder.encoders.2.self_attn.linear_v.weight", "emo_conditioning_encoder.encoders.2.self_attn.linear_v.bias", "emo_conditioning_encoder.encoders.2.self_attn.linear_out.weight", "emo_conditioning_encoder.encoders.2.self_attn.linear_out.bias", "emo_conditioning_encoder.encoders.2.self_attn.linear_pos.weight", "emo_conditioning_encoder.encoders.2.feed_forward.w_1.weight", "emo_conditioning_encoder.encoders.2.feed_forward.w_1.bias", "emo_conditioning_encoder.encoders.2.feed_forward.w_2.weight", "emo_conditioning_encoder.encoders.2.feed_forward.w_2.bias", "emo_conditioning_encoder.encoders.2.conv_module.pointwise_conv1.weight", "emo_conditioning_encoder.encoders.2.conv_module.pointwise_conv1.bias", "emo_conditioning_encoder.encoders.2.conv_module.depthwise_conv.weight", "emo_conditioning_encoder.encoders.2.conv_module.depthwise_conv.bias", "emo_conditioning_encoder.encoders.2.conv_module.norm.weight", "emo_conditioning_encoder.encoders.2.conv_module.norm.bias", "emo_conditioning_encoder.encoders.2.conv_module.pointwise_conv2.weight", "emo_conditioning_encoder.encoders.2.conv_module.pointwise_conv2.bias", "emo_conditioning_encoder.encoders.2.norm_ff.weight", "emo_conditioning_encoder.encoders.2.norm_ff.bias", "emo_conditioning_encoder.encoders.2.norm_mha.weight", "emo_conditioning_encoder.encoders.2.norm_mha.bias", "emo_conditioning_encoder.encoders.2.norm_conv.weight", "emo_conditioning_encoder.encoders.2.norm_conv.bias", "emo_conditioning_encoder.encoders.2.norm_final.weight", "emo_conditioning_encoder.encoders.2.norm_final.bias", "emo_conditioning_encoder.encoders.3.self_attn.pos_bias_u", "emo_conditioning_encoder.encoders.3.self_attn.pos_bias_v", "emo_conditioning_encoder.encoders.3.self_attn.linear_q.weight", "emo_conditioning_encoder.encoders.3.self_attn.linear_q.bias", "emo_conditioning_encoder.encoders.3.self_attn.linear_k.weight", "emo_conditioning_encoder.encoders.3.self_attn.linear_k.bias", "emo_conditioning_encoder.encoders.3.self_attn.linear_v.weight", "emo_conditioning_encoder.encoders.3.self_attn.linear_v.bias", "emo_conditioning_encoder.encoders.3.self_attn.linear_out.weight", "emo_conditioning_encoder.encoders.3.self_attn.linear_out.bias", "emo_conditioning_encoder.encoders.3.self_attn.linear_pos.weight", "emo_conditioning_encoder.encoders.3.feed_forward.w_1.weight", "emo_conditioning_encoder.encoders.3.feed_forward.w_1.bias", "emo_conditioning_encoder.encoders.3.feed_forward.w_2.weight", "emo_conditioning_encoder.encoders.3.feed_forward.w_2.bias", "emo_conditioning_encoder.encoders.3.conv_module.pointwise_conv1.weight", "emo_conditioning_encoder.encoders.3.conv_module.pointwise_conv1.bias", "emo_conditioning_encoder.encoders.3.conv_module.depthwise_conv.weight", "emo_conditioning_encoder.encoders.3.conv_module.depthwise_conv.bias", "emo_conditioning_encoder.encoders.3.conv_module.norm.weight", "emo_conditioning_encoder.encoders.3.conv_module.norm.bias", "emo_conditioning_encoder.encoders.3.conv_module.pointwise_conv2.weight", "emo_conditioning_encoder.encoders.3.conv_module.pointwise_conv2.bias", "emo_conditioning_encoder.encoders.3.norm_ff.weight", "emo_conditioning_encoder.encoders.3.norm_ff.bias", "emo_conditioning_encoder.encoders.3.norm_mha.weight", "emo_conditioning_encoder.encoders.3.norm_mha.bias", "emo_conditioning_encoder.encoders.3.norm_conv.weight", "emo_conditioning_encoder.encoders.3.norm_conv.bias", "emo_conditioning_encoder.encoders.3.norm_final.weight", "emo_conditioning_encoder.encoders.3.norm_final.bias", "emo_perceiver_encoder.latents", "emo_perceiver_encoder.proj_context.weight", "emo_perceiver_encoder.proj_context.bias", "emo_perceiver_encoder.layers.0.0.to_q.weight", "emo_perceiver_encoder.layers.0.0.to_kv.weight", "emo_perceiver_encoder.layers.0.0.to_out.weight", "emo_perceiver_encoder.layers.0.1.0.weight", "emo_perceiver_encoder.layers.0.1.0.bias", "emo_perceiver_encoder.layers.0.1.2.weight", "emo_perceiver_encoder.layers.0.1.2.bias", "emo_perceiver_encoder.layers.1.0.to_q.weight", "emo_perceiver_encoder.layers.1.0.to_kv.weight", "emo_perceiver_encoder.layers.1.0.to_out.weight", "emo_perceiver_encoder.layers.1.1.0.weight", "emo_perceiver_encoder.layers.1.1.0.bias", "emo_perceiver_encoder.layers.1.1.2.weight", "emo_perceiver_encoder.layers.1.1.2.bias", "emo_perceiver_encoder.norm.gamma", "text_embedding.weight", "emo_layer.weight", "emo_layer.bias", "emovec_layer.weight", "emovec_layer.bias", "mel_embedding.weight", "gpt.h.0.ln_1.weight", "gpt.h.0.ln_1.bias", "gpt.h.0.attn.c_attn.weight", "gpt.h.0.attn.c_attn.bias", "gpt.h.0.attn.c_proj.weight", "gpt.h.0.attn.c_proj.bias", "gpt.h.0.ln_2.weight", "gpt.h.0.ln_2.bias", "gpt.h.0.mlp.c_fc.weight", "gpt.h.0.mlp.c_fc.bias", "gpt.h.0.mlp.c_proj.weight", "gpt.h.0.mlp.c_proj.bias", "gpt.h.1.ln_1.weight", "gpt.h.1.ln_1.bias", "gpt.h.1.attn.c_attn.weight", "gpt.h.1.attn.c_attn.bias", "gpt.h.1.attn.c_proj.weight", "gpt.h.1.attn.c_proj.bias", "gpt.h.1.ln_2.weight", "gpt.h.1.ln_2.bias", "gpt.h.1.mlp.c_fc.weight", "gpt.h.1.mlp.c_fc.bias", "gpt.h.1.mlp.c_proj.weight", "gpt.h.1.mlp.c_proj.bias", "gpt.h.2.ln_1.weight", "gpt.h.2.ln_1.bias", "gpt.h.2.attn.c_attn.weight", "gpt.h.2.attn.c_attn.bias", "gpt.h.2.attn.c_proj.weight", "gpt.h.2.attn.c_proj.bias", "gpt.h.2.ln_2.weight", "gpt.h.2.ln_2.bias", "gpt.h.2.mlp.c_fc.weight", "gpt.h.2.mlp.c_fc.bias", "gpt.h.2.mlp.c_proj.weight", "gpt.h.2.mlp.c_proj.bias", "gpt.h.3.ln_1.weight", "gpt.h.3.ln_1.bias", "gpt.h.3.attn.c_attn.weight", "gpt.h.3.attn.c_attn.bias", "gpt.h.3.attn.c_proj.weight", "gpt.h.3.attn.c_proj.bias", "gpt.h.3.ln_2.weight", "gpt.h.3.ln_2.bias", "gpt.h.3.mlp.c_fc.weight", "gpt.h.3.mlp.c_fc.bias", "gpt.h.3.mlp.c_proj.weight", "gpt.h.3.mlp.c_proj.bias", "gpt.h.4.ln_1.weight", "gpt.h.4.ln_1.bias", "gpt.h.4.attn.c_attn.weight", "gpt.h.4.attn.c_attn.bias", "gpt.h.4.attn.c_proj.weight", "gpt.h.4.attn.c_proj.bias", "gpt.h.4.ln_2.weight", "gpt.h.4.ln_2.bias", "gpt.h.4.mlp.c_fc.weight", "gpt.h.4.mlp.c_fc.bias", "gpt.h.4.mlp.c_proj.weight", "gpt.h.4.mlp.c_proj.bias", "gpt.h.5.ln_1.weight", "gpt.h.5.ln_1.bias", "gpt.h.5.attn.c_attn.weight", "gpt.h.5.attn.c_attn.bias", "gpt.h.5.attn.c_proj.weight", "gpt.h.5.attn.c_proj.bias", "gpt.h.5.ln_2.weight", "gpt.h.5.ln_2.bias", "gpt.h.5.mlp.c_fc.weight", "gpt.h.5.mlp.c_fc.bias", "gpt.h.5.mlp.c_proj.weight", "gpt.h.5.mlp.c_proj.bias", "gpt.h.6.ln_1.weight", "gpt.h.6.ln_1.bias", "gpt.h.6.attn.c_attn.weight", "gpt.h.6.attn.c_attn.bias", "gpt.h.6.attn.c_proj.weight", "gpt.h.6.attn.c_proj.bias", "gpt.h.6.ln_2.weight", "gpt.h.6.ln_2.bias", "gpt.h.6.mlp.c_fc.weight", "gpt.h.6.mlp.c_fc.bias", "gpt.h.6.mlp.c_proj.weight", "gpt.h.6.mlp.c_proj.bias", "gpt.h.7.ln_1.weight", "gpt.h.7.ln_1.bias", "gpt.h.7.attn.c_attn.weight", "gpt.h.7.attn.c_attn.bias", "gpt.h.7.attn.c_proj.weight", "gpt.h.7.attn.c_proj.bias", "gpt.h.7.ln_2.weight", "gpt.h.7.ln_2.bias", "gpt.h.7.mlp.c_fc.weight", "gpt.h.7.mlp.c_fc.bias", "gpt.h.7.mlp.c_proj.weight", "gpt.h.7.mlp.c_proj.bias", "gpt.h.8.ln_1.weight", "gpt.h.8.ln_1.bias", "gpt.h.8.attn.c_attn.weight", "gpt.h.8.attn.c_attn.bias", "gpt.h.8.attn.c_proj.weight", "gpt.h.8.attn.c_proj.bias", "gpt.h.8.ln_2.weight", "gpt.h.8.ln_2.bias", "gpt.h.8.mlp.c_fc.weight", "gpt.h.8.mlp.c_fc.bias", "gpt.h.8.mlp.c_proj.weight", "gpt.h.8.mlp.c_proj.bias", "gpt.h.9.ln_1.weight", "gpt.h.9.ln_1.bias", "gpt.h.9.attn.c_attn.weight", "gpt.h.9.attn.c_attn.bias", "gpt.h.9.attn.c_proj.weight", "gpt.h.9.attn.c_proj.bias", "gpt.h.9.ln_2.weight", "gpt.h.9.ln_2.bias", "gpt.h.9.mlp.c_fc.weight", "gpt.h.9.mlp.c_fc.bias", "gpt.h.9.mlp.c_proj.weight", "gpt.h.9.mlp.c_proj.bias", "gpt.h.10.ln_1.weight", "gpt.h.10.ln_1.bias", "gpt.h.10.attn.c_attn.weight", "gpt.h.10.attn.c_attn.bias", "gpt.h.10.attn.c_proj.weight", "gpt.h.10.attn.c_proj.bias", "gpt.h.10.ln_2.weight", "gpt.h.10.ln_2.bias", "gpt.h.10.mlp.c_fc.weight", "gpt.h.10.mlp.c_fc.bias", "gpt.h.10.mlp.c_proj.weight", "gpt.h.10.mlp.c_proj.bias", "gpt.h.11.ln_1.weight", "gpt.h.11.ln_1.bias", "gpt.h.11.attn.c_attn.weight", "gpt.h.11.attn.c_attn.bias", "gpt.h.11.attn.c_proj.weight", "gpt.h.11.attn.c_proj.bias", "gpt.h.11.ln_2.weight", "gpt.h.11.ln_2.bias", "gpt.h.11.mlp.c_fc.weight", "gpt.h.11.mlp.c_fc.bias", "gpt.h.11.mlp.c_proj.weight", "gpt.h.11.mlp.c_proj.bias", "gpt.h.12.ln_1.weight", "gpt.h.12.ln_1.bias", "gpt.h.12.attn.c_attn.weight", "gpt.h.12.attn.c_attn.bias", "gpt.h.12.attn.c_proj.weight", "gpt.h.12.attn.c_proj.bias", "gpt.h.12.ln_2.weight", "gpt.h.12.ln_2.bias", "gpt.h.12.mlp.c_fc.weight", "gpt.h.12.mlp.c_fc.bias", "gpt.h.12.mlp.c_proj.weight", "gpt.h.12.mlp.c_proj.bias", "gpt.h.13.ln_1.weight", "gpt.h.13.ln_1.bias", "gpt.h.13.attn.c_attn.weight", "gpt.h.13.attn.c_attn.bias", "gpt.h.13.attn.c_proj.weight", "gpt.h.13.attn.c_proj.bias", "gpt.h.13.ln_2.weight", "gpt.h.13.ln_2.bias", "gpt.h.13.mlp.c_fc.weight", "gpt.h.13.mlp.c_fc.bias", "gpt.h.13.mlp.c_proj.weight", "gpt.h.13.mlp.c_proj.bias", "gpt.h.14.ln_1.weight", "gpt.h.14.ln_1.bias", "gpt.h.14.attn.c_attn.weight", "gpt.h.14.attn.c_attn.bias", "gpt.h.14.attn.c_proj.weight", "gpt.h.14.attn.c_proj.bias", "gpt.h.14.ln_2.weight", "gpt.h.14.ln_2.bias", "gpt.h.14.mlp.c_fc.weight", "gpt.h.14.mlp.c_fc.bias", "gpt.h.14.mlp.c_proj.weight", "gpt.h.14.mlp.c_proj.bias", "gpt.h.15.ln_1.weight", "gpt.h.15.ln_1.bias", "gpt.h.15.attn.c_attn.weight", "gpt.h.15.attn.c_attn.bias", "gpt.h.15.attn.c_proj.weight", "gpt.h.15.attn.c_proj.bias", "gpt.h.15.ln_2.weight", "gpt.h.15.ln_2.bias", "gpt.h.15.mlp.c_fc.weight", "gpt.h.15.mlp.c_fc.bias", "gpt.h.15.mlp.c_proj.weight", "gpt.h.15.mlp.c_proj.bias", "gpt.h.16.ln_1.weight", "gpt.h.16.ln_1.bias", "gpt.h.16.attn.c_attn.weight", "gpt.h.16.attn.c_attn.bias", "gpt.h.16.attn.c_proj.weight", "gpt.h.16.attn.c_proj.bias", "gpt.h.16.ln_2.weight", "gpt.h.16.ln_2.bias", "gpt.h.16.mlp.c_fc.weight", "gpt.h.16.mlp.c_fc.bias", "gpt.h.16.mlp.c_proj.weight", "gpt.h.16.mlp.c_proj.bias", "gpt.h.17.ln_1.weight", "gpt.h.17.ln_1.bias", "gpt.h.17.attn.c_attn.weight", "gpt.h.17.attn.c_attn.bias", "gpt.h.17.attn.c_proj.weight", "gpt.h.17.attn.c_proj.bias", "gpt.h.17.ln_2.weight", "gpt.h.17.ln_2.bias", "gpt.h.17.mlp.c_fc.weight", "gpt.h.17.mlp.c_fc.bias", "gpt.h.17.mlp.c_proj.weight", "gpt.h.17.mlp.c_proj.bias", "gpt.h.18.ln_1.weight", "gpt.h.18.ln_1.bias", "gpt.h.18.attn.c_attn.weight", "gpt.h.18.attn.c_attn.bias", "gpt.h.18.attn.c_proj.weight", "gpt.h.18.attn.c_proj.bias", "gpt.h.18.ln_2.weight", "gpt.h.18.ln_2.bias", "gpt.h.18.mlp.c_fc.weight", "gpt.h.18.mlp.c_fc.bias", "gpt.h.18.mlp.c_proj.weight", "gpt.h.18.mlp.c_proj.bias", "gpt.h.19.ln_1.weight", "gpt.h.19.ln_1.bias", "gpt.h.19.attn.c_attn.weight", "gpt.h.19.attn.c_attn.bias", "gpt.h.19.attn.c_proj.weight", "gpt.h.19.attn.c_proj.bias", "gpt.h.19.ln_2.weight", "gpt.h.19.ln_2.bias", "gpt.h.19.mlp.c_fc.weight", "gpt.h.19.mlp.c_fc.bias", "gpt.h.19.mlp.c_proj.weight", "gpt.h.19.mlp.c_proj.bias", "gpt.h.20.ln_1.weight", "gpt.h.20.ln_1.bias", "gpt.h.20.attn.c_attn.weight", "gpt.h.20.attn.c_attn.bias", "gpt.h.20.attn.c_proj.weight", "gpt.h.20.attn.c_proj.bias", "gpt.h.20.ln_2.weight", "gpt.h.20.ln_2.bias", "gpt.h.20.mlp.c_fc.weight", "gpt.h.20.mlp.c_fc.bias", "gpt.h.20.mlp.c_proj.weight", "gpt.h.20.mlp.c_proj.bias", "gpt.h.21.ln_1.weight", "gpt.h.21.ln_1.bias", "gpt.h.21.attn.c_attn.weight", "gpt.h.21.attn.c_attn.bias", "gpt.h.21.attn.c_proj.weight", "gpt.h.21.attn.c_proj.bias", "gpt.h.21.ln_2.weight", "gpt.h.21.ln_2.bias", "gpt.h.21.mlp.c_fc.weight", "gpt.h.21.mlp.c_fc.bias", "gpt.h.21.mlp.c_proj.weight", "gpt.h.21.mlp.c_proj.bias", "gpt.h.22.ln_1.weight", "gpt.h.22.ln_1.bias", "gpt.h.22.attn.c_attn.weight", "gpt.h.22.attn.c_attn.bias", "gpt.h.22.attn.c_proj.weight", "gpt.h.22.attn.c_proj.bias", "gpt.h.22.ln_2.weight", "gpt.h.22.ln_2.bias", "gpt.h.22.mlp.c_fc.weight", "gpt.h.22.mlp.c_fc.bias", "gpt.h.22.mlp.c_proj.weight", "gpt.h.22.mlp.c_proj.bias", "gpt.h.23.ln_1.weight", "gpt.h.23.ln_1.bias", "gpt.h.23.attn.c_attn.weight", "gpt.h.23.attn.c_attn.bias", "gpt.h.23.attn.c_proj.weight", "gpt.h.23.attn.c_proj.bias", "gpt.h.23.ln_2.weight", "gpt.h.23.ln_2.bias", "gpt.h.23.mlp.c_fc.weight", "gpt.h.23.mlp.c_fc.bias", "gpt.h.23.mlp.c_proj.weight", "gpt.h.23.mlp.c_proj.bias", "gpt.ln_f.weight", "gpt.ln_f.bias", "mel_pos_embedding.emb.weight", "text_pos_embedding.emb.weight", "final_norm.weight", "final_norm.bias", "text_head.weight", "text_head.bias", "mel_head.weight", "mel_head.bias", "speed_emb.weight". 
	Unexpected key(s) in state_dict: "0.weight", "0.bias", "2.weight", "2.bias". 
2026-01-06 11:36:51,382 | INFO | train_duration | Using device: cpu
2026-01-06 11:36:51,382 | INFO | train_duration | Loading model from ./checkpoints
2026-01-06 11:37:10,244 | INFO | train_duration | Loaded pretrained weights from checkpoints\gpt.pth
2026-01-06 11:37:10,278 | INFO | train_duration | EarlyStopping initialized: patience=2000, min_delta=0.0001
2026-01-06 11:37:10,278 | INFO | train_duration | Starting Stage 1 training
2026-01-06 11:37:11,859 | INFO | train_duration | Initializing feature extractor...
2026-01-06 11:37:15,655 | INFO | train_duration | Feature extractor initialized
2026-01-06 11:37:15,656 | INFO | train_duration | Loading Emilia dataset (streaming: amphion/Emilia-Dataset) - languages: ['zh', 'en', 'ja', 'ko', 'fr', 'de']
2026-01-06 11:37:29,202 | INFO | train_duration | Using Emilia (Streaming) Dataset
2026-01-06 11:38:37,625 | WARNING | train_duration | Received signal 2, initiating graceful shutdown
2026-01-06 11:38:37,634 | WARNING | train_duration | Received signal 2, initiating graceful shutdown
2026-01-06 11:38:37,634 | WARNING | train_duration | Received signal 2, initiating graceful shutdown
2026-01-06 11:38:37,713 | WARNING | train_duration | Received signal 2, initiating graceful shutdown
2026-01-06 11:38:42,387 | INFO | train_duration | Training stopped at step 0
2026-01-06 11:38:42,388 | ERROR | train_duration | CRASH in train: Cowardly refusing to serialize non-leaf tensor which requires_grad, since autograd does not support crossing process boundaries.  If you just want to transfer the data, call detach() on the tensor before serializing (e.g., putting it on the queue).
Traceback (most recent call last):
  File "C:\Users\chris\indextts2\index-tts\train_duration.py", line 123, in wrapper
    result = func(*args, **kwargs)
  File "C:\Users\chris\indextts2\index-tts\train_duration.py", line 1308, in train
    for batch in dataloader:
  File "C:\Users\chris\indextts2\index-tts\.venv\lib\site-packages\torch\utils\data\dataloader.py", line 494, in __iter__
    return self._get_iterator()
  File "C:\Users\chris\indextts2\index-tts\.venv\lib\site-packages\torch\utils\data\dataloader.py", line 427, in _get_iterator
    return _MultiProcessingDataLoaderIter(self)
  File "C:\Users\chris\indextts2\index-tts\.venv\lib\site-packages\torch\utils\data\dataloader.py", line 1172, in __init__
    w.start()
  File "C:\Users\chris\AppData\Roaming\uv\python\cpython-3.10.19-windows-x86_64-none\lib\multiprocessing\process.py", line 121, in start
    self._popen = self._Popen(self)
  File "C:\Users\chris\AppData\Roaming\uv\python\cpython-3.10.19-windows-x86_64-none\lib\multiprocessing\context.py", line 224, in _Popen
    return _default_context.get_context().Process._Popen(process_obj)
  File "C:\Users\chris\AppData\Roaming\uv\python\cpython-3.10.19-windows-x86_64-none\lib\multiprocessing\context.py", line 336, in _Popen
    return Popen(process_obj)
  File "C:\Users\chris\AppData\Roaming\uv\python\cpython-3.10.19-windows-x86_64-none\lib\multiprocessing\popen_spawn_win32.py", line 93, in __init__
    reduction.dump(process_obj, to_child)
  File "C:\Users\chris\AppData\Roaming\uv\python\cpython-3.10.19-windows-x86_64-none\lib\multiprocessing\reduction.py", line 60, in dump
    ForkingPickler(file, protocol).dump(obj)
  File "C:\Users\chris\indextts2\index-tts\.venv\lib\site-packages\torch\multiprocessing\reductions.py", line 225, in reduce_tensor
    raise RuntimeError(
RuntimeError: Cowardly refusing to serialize non-leaf tensor which requires_grad, since autograd does not support crossing process boundaries.  If you just want to transfer the data, call detach() on the tensor before serializing (e.g., putting it on the queue).
2026-01-06 15:17:16,731 | INFO | train_duration | Using device: cpu
2026-01-06 15:17:16,731 | INFO | train_duration | Loading model from ./checkpoints
2026-01-06 15:17:42,623 | INFO | train_duration | Loaded pretrained weights from checkpoints\gpt.pth
2026-01-06 15:17:43,132 | INFO | train_duration | EarlyStopping initialized: patience=2000, min_delta=0.0001
2026-01-06 15:17:43,134 | INFO | train_duration | Starting Stage 1 training
2026-01-06 15:17:44,647 | INFO | train_duration | Initializing feature extractor...
2026-01-06 15:17:50,461 | INFO | train_duration | Feature extractor initialized
2026-01-06 15:17:50,462 | INFO | train_duration | Loading Emilia dataset (streaming: amphion/Emilia-Dataset) - languages: ['zh', 'en', 'ja', 'ko', 'fr', 'de']
2026-01-06 15:18:14,106 | INFO | train_duration | Using Emilia (Streaming) Dataset
2026-01-06 15:18:27,921 | INFO | train_duration | Resumed from step 0
2026-01-06 15:18:53,154 | INFO | train_duration | Training stopped at step 0
2026-01-06 15:18:53,154 | ERROR | train_duration | CRASH in train: To support decoding audio data, please install 'torchcodec'.
Traceback (most recent call last):
  File "C:\Users\chris\indextts2\index-tts\train_duration.py", line 123, in wrapper
    result = func(*args, **kwargs)
  File "C:\Users\chris\indextts2\index-tts\train_duration.py", line 1310, in train
    for batch in dataloader:
  File "C:\Users\chris\indextts2\index-tts\.venv\lib\site-packages\torch\utils\data\dataloader.py", line 734, in __next__
    data = self._next_data()
  File "C:\Users\chris\indextts2\index-tts\.venv\lib\site-packages\torch\utils\data\dataloader.py", line 790, in _next_data
    data = self._dataset_fetcher.fetch(index)  # may raise StopIteration
  File "C:\Users\chris\indextts2\index-tts\.venv\lib\site-packages\torch\utils\data\_utils\fetch.py", line 33, in fetch
    data.append(next(self.dataset_iter))
  File "C:\Users\chris\indextts2\index-tts\train_duration.py", line 585, in __iter__
    for sample in self.dataset:
  File "C:\Users\chris\indextts2\index-tts\.venv\lib\site-packages\datasets\iterable_dataset.py", line 2543, in __iter__
    for key, example in ex_iterable:
  File "C:\Users\chris\indextts2\index-tts\.venv\lib\site-packages\datasets\iterable_dataset.py", line 2061, in __iter__
    batch = formatter.format_batch(pa_table)
  File "C:\Users\chris\indextts2\index-tts\.venv\lib\site-packages\datasets\formatting\formatting.py", line 472, in format_batch
    batch = self.python_features_decoder.decode_batch(batch)
  File "C:\Users\chris\indextts2\index-tts\.venv\lib\site-packages\datasets\formatting\formatting.py", line 234, in decode_batch
    return self.features.decode_batch(batch, token_per_repo_id=self.token_per_repo_id) if self.features else batch
  File "C:\Users\chris\indextts2\index-tts\.venv\lib\site-packages\datasets\features\features.py", line 2160, in decode_batch
    [
  File "C:\Users\chris\indextts2\index-tts\.venv\lib\site-packages\datasets\features\features.py", line 2161, in <listcomp>
    decode_nested_example(self[column_name], value, token_per_repo_id=token_per_repo_id)
  File "C:\Users\chris\indextts2\index-tts\.venv\lib\site-packages\datasets\features\features.py", line 1419, in decode_nested_example
    return schema.decode_example(obj, token_per_repo_id=token_per_repo_id) if obj is not None else None
  File "C:\Users\chris\indextts2\index-tts\.venv\lib\site-packages\datasets\features\audio.py", line 186, in decode_example
    raise ImportError("To support decoding audio data, please install 'torchcodec'.")
ImportError: To support decoding audio data, please install 'torchcodec'.
2026-01-06 15:24:41,562 | INFO | train_duration | Using device: cpu
2026-01-06 15:24:41,562 | INFO | train_duration | Loading model from ./checkpoints
2026-01-06 15:24:58,063 | INFO | train_duration | Loaded pretrained weights from checkpoints\gpt.pth
2026-01-06 15:24:58,104 | INFO | train_duration | EarlyStopping initialized: patience=2000, min_delta=0.0001
2026-01-06 15:24:58,104 | INFO | train_duration | Starting Stage 1 training
2026-01-06 15:24:59,634 | INFO | train_duration | Initializing feature extractor...
2026-01-06 15:25:02,917 | INFO | train_duration | Feature extractor initialized
2026-01-06 15:25:02,918 | INFO | train_duration | Loading Emilia dataset (streaming: amphion/Emilia-Dataset) - languages: ['zh', 'en', 'ja', 'ko', 'fr', 'de']
2026-01-06 15:25:17,771 | INFO | train_duration | Using Emilia (Streaming) Dataset
2026-01-06 15:25:23,791 | INFO | train_duration | Resumed from step 0
2026-01-06 15:25:51,203 | INFO | train_duration | Training stopped at step 0
2026-01-06 15:25:51,204 | ERROR | train_duration | CRASH in train: Could not load libtorchcodec. Likely causes:
          1. FFmpeg is not properly installed in your environment. We support
             versions 4, 5, 6, 7, and 8. On Windows, ensure you've installed
             the "full-shared" version which ships DLLs.
          2. The PyTorch version (2.8.0+cu128) is not compatible with
             this version of TorchCodec. Refer to the version compatibility
             table:
             https://github.com/pytorch/torchcodec?tab=readme-ov-file#installing-torchcodec.
          3. Another runtime dependency; see exceptions below.
        The following exceptions were raised as we tried to load libtorchcodec:
        
[start of libtorchcodec loading traceback]
FFmpeg version 8: Could not find module 'C:\Users\chris\indextts2\index-tts\.venv\Lib\site-packages\torchcodec\libtorchcodec_core8.dll' (or one of its dependencies). Try using the full path with constructor syntax.
FFmpeg version 7: Could not find module 'C:\Users\chris\indextts2\index-tts\.venv\Lib\site-packages\torchcodec\libtorchcodec_core7.dll' (or one of its dependencies). Try using the full path with constructor syntax.
FFmpeg version 6: Could not find module 'C:\Users\chris\indextts2\index-tts\.venv\Lib\site-packages\torchcodec\libtorchcodec_core6.dll' (or one of its dependencies). Try using the full path with constructor syntax.
FFmpeg version 5: Could not find module 'C:\Users\chris\indextts2\index-tts\.venv\Lib\site-packages\torchcodec\libtorchcodec_core5.dll' (or one of its dependencies). Try using the full path with constructor syntax.
FFmpeg version 4: Could not find module 'C:\Users\chris\indextts2\index-tts\.venv\Lib\site-packages\torchcodec\libtorchcodec_core4.dll' (or one of its dependencies). Try using the full path with constructor syntax.
[end of libtorchcodec loading traceback].
Traceback (most recent call last):
  File "C:\Users\chris\indextts2\index-tts\train_duration.py", line 123, in wrapper
    result = func(*args, **kwargs)
  File "C:\Users\chris\indextts2\index-tts\train_duration.py", line 1310, in train
    for batch in dataloader:
  File "C:\Users\chris\indextts2\index-tts\.venv\lib\site-packages\torch\utils\data\dataloader.py", line 734, in __next__
    data = self._next_data()
  File "C:\Users\chris\indextts2\index-tts\.venv\lib\site-packages\torch\utils\data\dataloader.py", line 790, in _next_data
    data = self._dataset_fetcher.fetch(index)  # may raise StopIteration
  File "C:\Users\chris\indextts2\index-tts\.venv\lib\site-packages\torch\utils\data\_utils\fetch.py", line 33, in fetch
    data.append(next(self.dataset_iter))
  File "C:\Users\chris\indextts2\index-tts\train_duration.py", line 585, in __iter__
    for sample in self.dataset:
  File "C:\Users\chris\indextts2\index-tts\.venv\lib\site-packages\datasets\iterable_dataset.py", line 2543, in __iter__
    for key, example in ex_iterable:
  File "C:\Users\chris\indextts2\index-tts\.venv\lib\site-packages\datasets\iterable_dataset.py", line 2061, in __iter__
    batch = formatter.format_batch(pa_table)
  File "C:\Users\chris\indextts2\index-tts\.venv\lib\site-packages\datasets\formatting\formatting.py", line 472, in format_batch
    batch = self.python_features_decoder.decode_batch(batch)
  File "C:\Users\chris\indextts2\index-tts\.venv\lib\site-packages\datasets\formatting\formatting.py", line 234, in decode_batch
    return self.features.decode_batch(batch, token_per_repo_id=self.token_per_repo_id) if self.features else batch
  File "C:\Users\chris\indextts2\index-tts\.venv\lib\site-packages\datasets\features\features.py", line 2160, in decode_batch
    [
  File "C:\Users\chris\indextts2\index-tts\.venv\lib\site-packages\datasets\features\features.py", line 2161, in <listcomp>
    decode_nested_example(self[column_name], value, token_per_repo_id=token_per_repo_id)
  File "C:\Users\chris\indextts2\index-tts\.venv\lib\site-packages\datasets\features\features.py", line 1419, in decode_nested_example
    return schema.decode_example(obj, token_per_repo_id=token_per_repo_id) if obj is not None else None
  File "C:\Users\chris\indextts2\index-tts\.venv\lib\site-packages\datasets\features\audio.py", line 184, in decode_example
    from ._torchcodec import AudioDecoder
  File "C:\Users\chris\indextts2\index-tts\.venv\lib\site-packages\datasets\features\_torchcodec.py", line 2, in <module>
    from torchcodec.decoders import AudioDecoder as _AudioDecoder
  File "C:\Users\chris\indextts2\index-tts\.venv\lib\site-packages\torchcodec\__init__.py", line 12, in <module>
    from . import decoders, encoders, samplers  # noqa
  File "C:\Users\chris\indextts2\index-tts\.venv\lib\site-packages\torchcodec\decoders\__init__.py", line 7, in <module>
    from .._core import AudioStreamMetadata, VideoStreamMetadata
  File "C:\Users\chris\indextts2\index-tts\.venv\lib\site-packages\torchcodec\_core\__init__.py", line 8, in <module>
    from ._metadata import (
  File "C:\Users\chris\indextts2\index-tts\.venv\lib\site-packages\torchcodec\_core\_metadata.py", line 16, in <module>
    from torchcodec._core.ops import (
  File "C:\Users\chris\indextts2\index-tts\.venv\lib\site-packages\torchcodec\_core\ops.py", line 104, in <module>
    ffmpeg_major_version, core_library_path = load_torchcodec_shared_libraries()
  File "C:\Users\chris\indextts2\index-tts\.venv\lib\site-packages\torchcodec\_core\ops.py", line 75, in load_torchcodec_shared_libraries
    raise RuntimeError(
RuntimeError: Could not load libtorchcodec. Likely causes:
          1. FFmpeg is not properly installed in your environment. We support
             versions 4, 5, 6, 7, and 8. On Windows, ensure you've installed
             the "full-shared" version which ships DLLs.
          2. The PyTorch version (2.8.0+cu128) is not compatible with
             this version of TorchCodec. Refer to the version compatibility
             table:
             https://github.com/pytorch/torchcodec?tab=readme-ov-file#installing-torchcodec.
          3. Another runtime dependency; see exceptions below.
        The following exceptions were raised as we tried to load libtorchcodec:
        
[start of libtorchcodec loading traceback]
FFmpeg version 8: Could not find module 'C:\Users\chris\indextts2\index-tts\.venv\Lib\site-packages\torchcodec\libtorchcodec_core8.dll' (or one of its dependencies). Try using the full path with constructor syntax.
FFmpeg version 7: Could not find module 'C:\Users\chris\indextts2\index-tts\.venv\Lib\site-packages\torchcodec\libtorchcodec_core7.dll' (or one of its dependencies). Try using the full path with constructor syntax.
FFmpeg version 6: Could not find module 'C:\Users\chris\indextts2\index-tts\.venv\Lib\site-packages\torchcodec\libtorchcodec_core6.dll' (or one of its dependencies). Try using the full path with constructor syntax.
FFmpeg version 5: Could not find module 'C:\Users\chris\indextts2\index-tts\.venv\Lib\site-packages\torchcodec\libtorchcodec_core5.dll' (or one of its dependencies). Try using the full path with constructor syntax.
FFmpeg version 4: Could not find module 'C:\Users\chris\indextts2\index-tts\.venv\Lib\site-packages\torchcodec\libtorchcodec_core4.dll' (or one of its dependencies). Try using the full path with constructor syntax.
[end of libtorchcodec loading traceback].
2026-01-06 15:47:06,313 | INFO | train_duration | Using device: cpu
2026-01-06 15:47:06,314 | INFO | train_duration | Loading model from ./checkpoints
2026-01-06 15:47:24,103 | INFO | train_duration | Loaded pretrained weights from checkpoints\gpt.pth
2026-01-06 15:47:24,175 | INFO | train_duration | EarlyStopping initialized: patience=2000, min_delta=0.0001
2026-01-06 15:47:24,175 | INFO | train_duration | Starting Stage 1 training
2026-01-06 15:47:24,181 | INFO | train_duration | Initializing feature extractor...
2026-01-06 15:47:27,964 | INFO | train_duration | Feature extractor initialized
2026-01-06 15:47:27,966 | INFO | train_duration | Loading Emilia dataset (streaming: amphion/Emilia-Dataset) - languages: ['zh', 'en', 'ja', 'ko', 'fr', 'de']
2026-01-06 15:47:44,978 | INFO | train_duration | Using Emilia (Streaming) Dataset
2026-01-06 15:47:51,654 | INFO | train_duration | Resumed from step 0
2026-01-06 15:48:17,911 | INFO | train_duration | Training stopped at step 0
2026-01-06 15:48:17,911 | ERROR | train_duration | CRASH in train: Could not load libtorchcodec. Likely causes:
          1. FFmpeg is not properly installed in your environment. We support
             versions 4, 5, 6, 7, and 8. On Windows, ensure you've installed
             the "full-shared" version which ships DLLs.
          2. The PyTorch version (2.8.0+cu128) is not compatible with
             this version of TorchCodec. Refer to the version compatibility
             table:
             https://github.com/pytorch/torchcodec?tab=readme-ov-file#installing-torchcodec.
          3. Another runtime dependency; see exceptions below.
        The following exceptions were raised as we tried to load libtorchcodec:
        
[start of libtorchcodec loading traceback]
FFmpeg version 8: Could not find module 'C:\Users\chris\indextts2\index-tts\.venv\Lib\site-packages\torchcodec\libtorchcodec_core8.dll' (or one of its dependencies). Try using the full path with constructor syntax.
FFmpeg version 7: Could not find module 'C:\Users\chris\indextts2\index-tts\.venv\Lib\site-packages\torchcodec\libtorchcodec_core7.dll' (or one of its dependencies). Try using the full path with constructor syntax.
FFmpeg version 6: Could not find module 'C:\Users\chris\indextts2\index-tts\.venv\Lib\site-packages\torchcodec\libtorchcodec_core6.dll' (or one of its dependencies). Try using the full path with constructor syntax.
FFmpeg version 5: Could not find module 'C:\Users\chris\indextts2\index-tts\.venv\Lib\site-packages\torchcodec\libtorchcodec_core5.dll' (or one of its dependencies). Try using the full path with constructor syntax.
FFmpeg version 4: Could not find module 'C:\Users\chris\indextts2\index-tts\.venv\Lib\site-packages\torchcodec\libtorchcodec_core4.dll' (or one of its dependencies). Try using the full path with constructor syntax.
[end of libtorchcodec loading traceback].
Traceback (most recent call last):
  File "C:\Users\chris\indextts2\index-tts\train_duration.py", line 130, in wrapper
    result = func(*args, **kwargs)
  File "C:\Users\chris\indextts2\index-tts\train_duration.py", line 1345, in train
    for batch in dataloader:
  File "C:\Users\chris\indextts2\index-tts\.venv\lib\site-packages\torch\utils\data\dataloader.py", line 734, in __next__
    data = self._next_data()
  File "C:\Users\chris\indextts2\index-tts\.venv\lib\site-packages\torch\utils\data\dataloader.py", line 790, in _next_data
    data = self._dataset_fetcher.fetch(index)  # may raise StopIteration
  File "C:\Users\chris\indextts2\index-tts\.venv\lib\site-packages\torch\utils\data\_utils\fetch.py", line 33, in fetch
    data.append(next(self.dataset_iter))
  File "C:\Users\chris\indextts2\index-tts\train_duration.py", line 598, in __iter__
    for sample in self.dataset:
  File "C:\Users\chris\indextts2\index-tts\.venv\lib\site-packages\datasets\iterable_dataset.py", line 2543, in __iter__
    for key, example in ex_iterable:
  File "C:\Users\chris\indextts2\index-tts\.venv\lib\site-packages\datasets\iterable_dataset.py", line 2061, in __iter__
    batch = formatter.format_batch(pa_table)
  File "C:\Users\chris\indextts2\index-tts\.venv\lib\site-packages\datasets\formatting\formatting.py", line 472, in format_batch
    batch = self.python_features_decoder.decode_batch(batch)
  File "C:\Users\chris\indextts2\index-tts\.venv\lib\site-packages\datasets\formatting\formatting.py", line 234, in decode_batch
    return self.features.decode_batch(batch, token_per_repo_id=self.token_per_repo_id) if self.features else batch
  File "C:\Users\chris\indextts2\index-tts\.venv\lib\site-packages\datasets\features\features.py", line 2160, in decode_batch
    [
  File "C:\Users\chris\indextts2\index-tts\.venv\lib\site-packages\datasets\features\features.py", line 2161, in <listcomp>
    decode_nested_example(self[column_name], value, token_per_repo_id=token_per_repo_id)
  File "C:\Users\chris\indextts2\index-tts\.venv\lib\site-packages\datasets\features\features.py", line 1419, in decode_nested_example
    return schema.decode_example(obj, token_per_repo_id=token_per_repo_id) if obj is not None else None
  File "C:\Users\chris\indextts2\index-tts\.venv\lib\site-packages\datasets\features\audio.py", line 184, in decode_example
    from ._torchcodec import AudioDecoder
  File "C:\Users\chris\indextts2\index-tts\.venv\lib\site-packages\datasets\features\_torchcodec.py", line 2, in <module>
    from torchcodec.decoders import AudioDecoder as _AudioDecoder
  File "C:\Users\chris\indextts2\index-tts\.venv\lib\site-packages\torchcodec\__init__.py", line 12, in <module>
    from . import decoders, encoders, samplers  # noqa
  File "C:\Users\chris\indextts2\index-tts\.venv\lib\site-packages\torchcodec\decoders\__init__.py", line 7, in <module>
    from .._core import AudioStreamMetadata, VideoStreamMetadata
  File "C:\Users\chris\indextts2\index-tts\.venv\lib\site-packages\torchcodec\_core\__init__.py", line 8, in <module>
    from ._metadata import (
  File "C:\Users\chris\indextts2\index-tts\.venv\lib\site-packages\torchcodec\_core\_metadata.py", line 16, in <module>
    from torchcodec._core.ops import (
  File "C:\Users\chris\indextts2\index-tts\.venv\lib\site-packages\torchcodec\_core\ops.py", line 104, in <module>
    ffmpeg_major_version, core_library_path = load_torchcodec_shared_libraries()
  File "C:\Users\chris\indextts2\index-tts\.venv\lib\site-packages\torchcodec\_core\ops.py", line 75, in load_torchcodec_shared_libraries
    raise RuntimeError(
RuntimeError: Could not load libtorchcodec. Likely causes:
          1. FFmpeg is not properly installed in your environment. We support
             versions 4, 5, 6, 7, and 8. On Windows, ensure you've installed
             the "full-shared" version which ships DLLs.
          2. The PyTorch version (2.8.0+cu128) is not compatible with
             this version of TorchCodec. Refer to the version compatibility
             table:
             https://github.com/pytorch/torchcodec?tab=readme-ov-file#installing-torchcodec.
          3. Another runtime dependency; see exceptions below.
        The following exceptions were raised as we tried to load libtorchcodec:
        
[start of libtorchcodec loading traceback]
FFmpeg version 8: Could not find module 'C:\Users\chris\indextts2\index-tts\.venv\Lib\site-packages\torchcodec\libtorchcodec_core8.dll' (or one of its dependencies). Try using the full path with constructor syntax.
FFmpeg version 7: Could not find module 'C:\Users\chris\indextts2\index-tts\.venv\Lib\site-packages\torchcodec\libtorchcodec_core7.dll' (or one of its dependencies). Try using the full path with constructor syntax.
FFmpeg version 6: Could not find module 'C:\Users\chris\indextts2\index-tts\.venv\Lib\site-packages\torchcodec\libtorchcodec_core6.dll' (or one of its dependencies). Try using the full path with constructor syntax.
FFmpeg version 5: Could not find module 'C:\Users\chris\indextts2\index-tts\.venv\Lib\site-packages\torchcodec\libtorchcodec_core5.dll' (or one of its dependencies). Try using the full path with constructor syntax.
FFmpeg version 4: Could not find module 'C:\Users\chris\indextts2\index-tts\.venv\Lib\site-packages\torchcodec\libtorchcodec_core4.dll' (or one of its dependencies). Try using the full path with constructor syntax.
[end of libtorchcodec loading traceback].
2026-01-06 15:53:38,139 | INFO | train_duration | Using device: cpu
2026-01-06 15:53:38,141 | INFO | train_duration | Loading model from ./checkpoints
2026-01-06 15:53:56,054 | INFO | train_duration | Loaded pretrained weights from checkpoints\gpt.pth
2026-01-06 15:53:56,115 | INFO | train_duration | EarlyStopping initialized: patience=2000, min_delta=0.0001
2026-01-06 15:53:56,115 | INFO | train_duration | Starting Stage 1 training
2026-01-06 15:53:56,122 | INFO | train_duration | Initializing feature extractor...
2026-01-06 15:54:00,184 | INFO | train_duration | Feature extractor initialized
2026-01-06 15:54:00,185 | INFO | train_duration | Loading Emilia dataset (streaming: amphion/Emilia-Dataset) - languages: ['zh', 'en', 'ja', 'ko', 'fr', 'de']
2026-01-06 15:54:15,009 | INFO | train_duration | Using Emilia (Streaming) Dataset
2026-01-06 15:54:21,750 | INFO | train_duration | Resumed from step 0
2026-01-06 15:56:58,669 | WARNING | train_duration | Received signal 2, initiating graceful shutdown
2026-01-06 15:56:58,687 | WARNING | train_duration | Received signal 2, initiating graceful shutdown
2026-01-06 15:56:58,885 | WARNING | train_duration | Received signal 2, initiating graceful shutdown
2026-01-06 16:52:55,637 | INFO | train_duration | Using device: cpu
2026-01-06 16:52:55,638 | INFO | train_duration | Loading model from ./checkpoints
2026-01-06 16:53:29,722 | INFO | train_duration | Loaded pretrained weights from checkpoints\gpt.pth
2026-01-06 16:53:29,949 | INFO | train_duration | EarlyStopping initialized: patience=2000, min_delta=0.0001
2026-01-06 16:53:29,961 | INFO | train_duration | Starting Stage 1 training
2026-01-06 16:53:29,983 | INFO | train_duration | Initializing feature extractor...
2026-01-06 16:53:35,305 | INFO | train_duration | Feature extractor initialized
2026-01-06 16:53:35,308 | INFO | train_duration | Loading Emilia dataset (streaming: amphion/Emilia-Dataset) - languages: ['zh', 'en', 'ja', 'ko', 'fr', 'de']
2026-01-06 16:53:51,955 | INFO | train_duration | Using Emilia (Streaming) Dataset
2026-01-06 16:54:01,385 | INFO | train_duration | Resumed from step 0
2026-01-06 16:56:11,725 | WARNING | train_duration | Received signal 2, initiating graceful shutdown
2026-01-06 16:56:11,912 | WARNING | train_duration | Received signal 2, initiating graceful shutdown
2026-01-06 16:56:12,071 | WARNING | train_duration | Received signal 2, initiating graceful shutdown
2026-01-06 16:56:12,217 | WARNING | train_duration | Received signal 2, initiating graceful shutdown
2026-01-06 16:56:12,376 | WARNING | train_duration | Received signal 2, initiating graceful shutdown
2026-01-06 16:56:12,550 | WARNING | train_duration | Received signal 2, initiating graceful shutdown
2026-01-06 16:56:13,448 | WARNING | train_duration | Received signal 2, initiating graceful shutdown
2026-01-06 17:37:20,128 | INFO | train_duration | Using device: cpu
2026-01-06 17:37:20,129 | INFO | train_duration | Loading model from ./checkpoints
2026-01-06 17:37:40,376 | INFO | train_duration | Loaded pretrained weights from checkpoints\gpt.pth
2026-01-06 17:37:40,412 | INFO | train_duration | EarlyStopping initialized: patience=2000, min_delta=0.0001
2026-01-06 17:37:40,413 | INFO | train_duration | Starting Stage 1 training
2026-01-06 17:37:40,421 | INFO | train_duration | Initializing feature extractor...
2026-01-06 17:37:45,059 | INFO | train_duration | Feature extractor initialized
2026-01-06 17:37:45,062 | INFO | train_duration | Loading Emilia dataset (streaming: amphion/Emilia-Dataset) - languages: ['zh', 'en', 'ja', 'ko', 'fr', 'de']
2026-01-06 17:38:00,112 | INFO | train_duration | Using Emilia (Streaming) Dataset
2026-01-06 17:38:07,541 | INFO | train_duration | Resumed from step 0
2026-01-06 17:38:53,407 | WARNING | train_duration | Received signal 2, initiating graceful shutdown
2026-01-06 17:38:53,893 | WARNING | train_duration | Received signal 2, initiating graceful shutdown
2026-01-06 17:38:54,108 | WARNING | train_duration | Received signal 2, initiating graceful shutdown
